<html>
<body>
<pre>
<h1>µVision Build Log</h1>
<h2>Tool Versions:</h2>
IDE-Version: µVision V5.39.0.0
Copyright (C) 2023 ARM Ltd and ARM Germany GmbH. All rights reserved.
License Information: Gena Girkin, CNR, LIC=CZLZX-HKDGA-NNQAF-6UB85-98MH1-Y4FPL
 
Tool Versions:
Toolchain:       MDK-ARM Plus  Version: 5.39.0.0
Toolchain Path:  C:\Keil_v5\ARM\ARMCC\Bin
C Compiler:      Armcc.exe V5.06 update 3 (build 300)
Assembler:       Armasm.exe V5.06 update 3 (build 300)
Linker/Locator:  ArmLink.exe V5.06 update 3 (build 300)
Library Manager: ArmAr.exe V5.06 update 3 (build 300)
Hex Converter:   FromElf.exe V5.06 update 3 (build 300)
CPU DLL:         SARMCM3.DLL V5.39.0.0
Dialog DLL:      DCM.DLL V1.17.5.0
Target DLL:      STLink\ST-LINKIII-KEIL_SWO.dll V3.2.0.0
Dialog DLL:      TCM.DLL V1.56.4.0
 
<h2>Project:</h2>
D:\embeded systems\CUBE_MX DISPLAY test\Video_test\GC9A01_test_video\MDK-ARM\GC9A01_test_video.uvprojx
Project File Date:  02/02/2025

<h2>Output:</h2>
*** Using Compiler 'V5.06 update 3 (build 300)', folder: 'C:\Keil_v5\ARM\ARMCC\Bin'
Build target 'GC9A01_test_video'
compiling main.c...
../Core/Src/main.c(117): warning:  #177-D: variable "angle" was declared but never referenced
  uint16_t angle = 50;
../Core/Src/main.c(132): warning:  #177-D: variable "str" was declared but never referenced
  	char str[50];
../Core/Src/main.c(145): warning:  #177-D: variable "max_values" was declared but never referenced
      const uint8_t max_values[3] = {31, 63, 31};
../Core/Src/main.c(146): warning:  #177-D: variable "components" was declared but never referenced
      uint8_t *components[3] = {&r, &g, &b};
../Core/Src/main.c: 4 warnings, 0 errors
linking...
Program Size: Code=11162 RO-data=3790 RW-data=28 ZI-data=6660  
FromELF: creating hex file...
"GC9A01_test_video\GC9A01_test_video.axf" - 0 Error(s), 4 Warning(s).

<h2>Software Packages used:</h2>

Package Vendor: ARM
                https://www.keil.com/pack/ARM.CMSIS.6.1.0.pack
                ARM::CMSIS@6.1.0
                CMSIS (Common Microcontroller Software Interface Standard)
   * Component: CORE Version: 6.1.0

Package Vendor: Keil
                https://www.keil.com/pack/Keil.STM32F4xx_DFP.3.0.0.pack
                Keil::STM32F4xx_DFP@3.0.0
                STMicroelectronics STM32F4 Series Device Support

<h2>Collection of Component include folders:</h2>
  ./RTE/_GC9A01_test_video
  C:/Keil_v5/ARM/PACK/ARM/CMSIS/6.1.0/CMSIS/Core/Include

<h2>Collection of Component Files used:</h2>

   * Component: ARM::CMSIS:CORE@6.1.0
      Include file:  CMSIS/Core/Include/tz_context.h
Build Time Elapsed:  00:00:01
</pre>
</body>
</html>
