Component: ARM Compiler 5.06 update 3 (build 300) Tool: armlink [4d35c9]

==============================================================================

Section Cross References

    startup_stm32f411xe.o(STACK) refers (Special) to heapauxi.o(.text) for __use_two_region_memory
    startup_stm32f411xe.o(HEAP) refers (Special) to heapauxi.o(.text) for __use_two_region_memory
    startup_stm32f411xe.o(RESET) refers (Special) to heapauxi.o(.text) for __use_two_region_memory
    startup_stm32f411xe.o(RESET) refers to startup_stm32f411xe.o(STACK) for __initial_sp
    startup_stm32f411xe.o(RESET) refers to startup_stm32f411xe.o(.text) for Reset_Handler
    startup_stm32f411xe.o(RESET) refers to stm32f4xx_it.o(i.NMI_Handler) for NMI_Handler
    startup_stm32f411xe.o(RESET) refers to stm32f4xx_it.o(i.HardFault_Handler) for HardFault_Handler
    startup_stm32f411xe.o(RESET) refers to stm32f4xx_it.o(i.MemManage_Handler) for MemManage_Handler
    startup_stm32f411xe.o(RESET) refers to stm32f4xx_it.o(i.BusFault_Handler) for BusFault_Handler
    startup_stm32f411xe.o(RESET) refers to stm32f4xx_it.o(i.UsageFault_Handler) for UsageFault_Handler
    startup_stm32f411xe.o(RESET) refers to stm32f4xx_it.o(i.SVC_Handler) for SVC_Handler
    startup_stm32f411xe.o(RESET) refers to stm32f4xx_it.o(i.DebugMon_Handler) for DebugMon_Handler
    startup_stm32f411xe.o(RESET) refers to stm32f4xx_it.o(i.PendSV_Handler) for PendSV_Handler
    startup_stm32f411xe.o(RESET) refers to stm32f4xx_it.o(i.SysTick_Handler) for SysTick_Handler
    startup_stm32f411xe.o(RESET) refers to stm32f4xx_it.o(i.DMA2_Stream3_IRQHandler) for DMA2_Stream3_IRQHandler
    startup_stm32f411xe.o(.text) refers (Special) to heapauxi.o(.text) for __use_two_region_memory
    startup_stm32f411xe.o(.text) refers to system_stm32f4xx.o(i.SystemInit) for SystemInit
    startup_stm32f411xe.o(.text) refers to __main.o(!!!main) for __main
    startup_stm32f411xe.o(.text) refers to startup_stm32f411xe.o(HEAP) for Heap_Mem
    startup_stm32f411xe.o(.text) refers to startup_stm32f411xe.o(STACK) for Stack_Mem
    font8.o(.data) refers to font8.o(.constdata) for Font8_Table
    font12.o(.data) refers to font12.o(.constdata) for Font12_Table
    font16.o(.data) refers to font16.o(.constdata) for Font16_Table
    font20.o(.data) refers to font20.o(.constdata) for Font20_Table
    font24.o(.data) refers to font24.o(.constdata) for Font24_Table
    gc9a01.o(i.DrawArrow) refers to dflt_clz.o(x$fpl$dflt) for __aeabi_i2d
    gc9a01.o(i.DrawArrow) refers to dmul.o(x$fpl$dmul) for __aeabi_dmul
    gc9a01.o(i.DrawArrow) refers to ddiv.o(x$fpl$ddiv) for __aeabi_ddiv
    gc9a01.o(i.DrawArrow) refers to d2f.o(x$fpl$d2f) for __aeabi_d2f
    gc9a01.o(i.DrawArrow) refers to dflt_clz.o(x$fpl$dfltu) for __aeabi_ui2d
    gc9a01.o(i.DrawArrow) refers to f2d.o(x$fpl$f2d) for __aeabi_f2d
    gc9a01.o(i.DrawArrow) refers to cos.o(i.__hardfp_cos) for __hardfp_cos
    gc9a01.o(i.DrawArrow) refers to round.o(i.__hardfp_round) for __hardfp_round
    gc9a01.o(i.DrawArrow) refers to daddsub_clz.o(x$fpl$dadd) for __aeabi_dadd
    gc9a01.o(i.DrawArrow) refers to dfix.o(x$fpl$dfix) for __aeabi_d2iz
    gc9a01.o(i.DrawArrow) refers to sin.o(i.__hardfp_sin) for __hardfp_sin
    gc9a01.o(i.DrawArrow) refers to gc9a01.o(i.GC9A01_draw_line) for GC9A01_draw_line
    gc9a01.o(i.DrawLineAroundTheCircle) refers to dflt_clz.o(x$fpl$dflt) for __aeabi_i2d
    gc9a01.o(i.DrawLineAroundTheCircle) refers to dmul.o(x$fpl$dmul) for __aeabi_dmul
    gc9a01.o(i.DrawLineAroundTheCircle) refers to ddiv.o(x$fpl$ddiv) for __aeabi_ddiv
    gc9a01.o(i.DrawLineAroundTheCircle) refers to d2f.o(x$fpl$d2f) for __aeabi_d2f
    gc9a01.o(i.DrawLineAroundTheCircle) refers to f2d.o(x$fpl$f2d) for __aeabi_f2d
    gc9a01.o(i.DrawLineAroundTheCircle) refers to cos.o(i.__hardfp_cos) for __hardfp_cos
    gc9a01.o(i.DrawLineAroundTheCircle) refers to round.o(i.__hardfp_round) for __hardfp_round
    gc9a01.o(i.DrawLineAroundTheCircle) refers to daddsub_clz.o(x$fpl$dadd) for __aeabi_dadd
    gc9a01.o(i.DrawLineAroundTheCircle) refers to dfix.o(x$fpl$dfix) for __aeabi_d2iz
    gc9a01.o(i.DrawLineAroundTheCircle) refers to sin.o(i.__hardfp_sin) for __hardfp_sin
    gc9a01.o(i.DrawLineAroundTheCircle) refers to gc9a01.o(i.GC9A01_draw_line) for GC9A01_draw_line
    gc9a01.o(i.DrawTriangleArrow) refers to dflt_clz.o(x$fpl$dflt) for __aeabi_i2d
    gc9a01.o(i.DrawTriangleArrow) refers to dmul.o(x$fpl$dmul) for __aeabi_dmul
    gc9a01.o(i.DrawTriangleArrow) refers to ddiv.o(x$fpl$ddiv) for __aeabi_ddiv
    gc9a01.o(i.DrawTriangleArrow) refers to d2f.o(x$fpl$d2f) for __aeabi_d2f
    gc9a01.o(i.DrawTriangleArrow) refers to dflt_clz.o(x$fpl$dfltu) for __aeabi_ui2d
    gc9a01.o(i.DrawTriangleArrow) refers to f2d.o(x$fpl$f2d) for __aeabi_f2d
    gc9a01.o(i.DrawTriangleArrow) refers to cos.o(i.__hardfp_cos) for __hardfp_cos
    gc9a01.o(i.DrawTriangleArrow) refers to round.o(i.__hardfp_round) for __hardfp_round
[...]
    Removing stm32f4xx_ll_rcc.o(i.RCC_GetPCLK2ClockFreq), (28 bytes).
    Removing stm32f4xx_ll_rcc.o(i.RCC_GetSystemClockFreq), (44 bytes).
    Removing stm32f4xx_ll_rcc.o(i.RCC_PLLI2S_GetFreqDomain_I2S), (68 bytes).
    Removing stm32f4xx_ll_rcc.o(i.RCC_PLL_GetFreqDomain_48M), (64 bytes).
    Removing stm32f4xx_ll_rcc.o(i.RCC_PLL_GetFreqDomain_SYS), (80 bytes).
    Removing stm32f4xx_ll_utils.o(.rev16_text), (4 bytes).
    Removing stm32f4xx_ll_utils.o(.revsh_text), (4 bytes).
    Removing stm32f4xx_ll_utils.o(.rrx_text), (6 bytes).
    Removing stm32f4xx_ll_utils.o(i.LL_PLL_ConfigSystemClock_HSE), (108 bytes).
    Removing stm32f4xx_ll_utils.o(i.LL_PLL_ConfigSystemClock_HSI), (84 bytes).
    Removing stm32f4xx_ll_utils.o(i.LL_RCC_PLL_ConfigDomain_SYS), (40 bytes).
    Removing stm32f4xx_ll_utils.o(i.LL_SetFlashLatency), (180 bytes).
    Removing stm32f4xx_ll_utils.o(i.LL_mDelay), (30 bytes).
    Removing stm32f4xx_ll_utils.o(i.UTILS_EnablePLLAndSwitchSystem), (152 bytes).
    Removing stm32f4xx_ll_utils.o(i.UTILS_GetPLLOutputFrequency), (32 bytes).
    Removing stm32f4xx_ll_utils.o(i.UTILS_PLL_IsBusy), (32 bytes).
    Removing stm32f4xx_ll_exti.o(.rev16_text), (4 bytes).
    Removing stm32f4xx_ll_exti.o(.revsh_text), (4 bytes).
    Removing stm32f4xx_ll_exti.o(.rrx_text), (6 bytes).
    Removing stm32f4xx_ll_exti.o(i.LL_EXTI_DeInit), (40 bytes).
    Removing stm32f4xx_ll_exti.o(i.LL_EXTI_Init), (160 bytes).
    Removing stm32f4xx_ll_exti.o(i.LL_EXTI_StructInit), (14 bytes).
    Removing system_stm32f4xx.o(.rev16_text), (4 bytes).
    Removing system_stm32f4xx.o(.revsh_text), (4 bytes).
    Removing system_stm32f4xx.o(.rrx_text), (6 bytes).
    Removing system_stm32f4xx.o(i.SystemCoreClockUpdate), (124 bytes).
    Removing system_stm32f4xx.o(.constdata), (16 bytes).
    Removing system_stm32f4xx.o(.constdata), (8 bytes).

107 unused section(s) (total 19534 bytes) removed from the image.

==============================================================================

Image Symbol Table

    Local Symbols

    Symbol Name                              Value     Ov Type        Size  Object(Section)

    ../Core/Src/main.c                       0x00000000   Number         0  main.o ABSOLUTE
    ../Core/Src/stm32f4xx_it.c               0x00000000   Number         0  stm32f4xx_it.o ABSOLUTE
    ../Core/Src/system_stm32f4xx.c           0x00000000   Number         0  system_stm32f4xx.o ABSOLUTE
    ../Drivers/STM32F4xx_HAL_Driver/Src/stm32f4xx_ll_dma.c 0x00000000   Number         0  stm32f4xx_ll_dma.o ABSOLUTE
    ../Drivers/STM32F4xx_HAL_Driver/Src/stm32f4xx_ll_exti.c 0x00000000   Number         0  stm32f4xx_ll_exti.o ABSOLUTE
    ../Drivers/STM32F4xx_HAL_Driver/Src/stm32f4xx_ll_gpio.c 0x00000000   Number         0  stm32f4xx_ll_gpio.o ABSOLUTE
    ../Drivers/STM32F4xx_HAL_Driver/Src/stm32f4xx_ll_rcc.c 0x00000000   Number         0  stm32f4xx_ll_rcc.o ABSOLUTE
    ../Drivers/STM32F4xx_HAL_Driver/Src/stm32f4xx_ll_spi.c 0x00000000   Number         0  stm32f4xx_ll_spi.o ABSOLUTE
    ../Drivers/STM32F4xx_HAL_Driver/Src/stm32f4xx_ll_utils.c 0x00000000   Number         0  stm32f4xx_ll_utils.o ABSOLUTE
    ../clib/angel/boardlib.s                 0x00000000   Number         0  boardinit2.o ABSOLUTE
    ../clib/angel/boardlib.s                 0x00000000   Number         0  boardinit3.o ABSOLUTE
    ../clib/angel/boardlib.s                 0x00000000   Number         0  boardinit1.o ABSOLUTE
    ../clib/angel/boardlib.s                 0x00000000   Number         0  boardshut.o ABSOLUTE
    ../clib/angel/handlers.s                 0x00000000   Number         0  __scatter_copy.o ABSOLUTE
    ../clib/angel/handlers.s                 0x00000000   Number         0  __scatter_zi.o ABSOLUTE
    ../clib/angel/kernel.s                   0x00000000   Number         0  __rtentry4.o ABSOLUTE
    ../clib/angel/kernel.s                   0x00000000   Number         0  __rtentry2.o ABSOLUTE
    ../clib/angel/kernel.s                   0x00000000   Number         0  __rtentry.o ABSOLUTE
    ../clib/angel/kernel.s                   0x00000000   Number         0  rtexit2.o ABSOLUTE
    ../clib/angel/kernel.s                   0x00000000   Number         0  rtexit.o ABSOLUTE
    ../clib/angel/rt.s                       0x00000000   Number         0  rt_errno_addr_intlibspace.o ABSOLUTE
    ../clib/angel/rt.s                       0x00000000   Number         0  rt_errno_addr.o ABSOLUTE
    ../clib/angel/rt.s                       0x00000000   Number         0  rt_raise.o ABSOLUTE
    ../clib/angel/rt.s                       0x00000000   Number         0  rt_heap_descriptor_intlibspace.o ABSOLUTE
    ../clib/angel/rt.s                       0x00000000   Number         0  rt_heap_descriptor.o ABSOLUTE
    ../clib/angel/scatter.s                  0x00000000   Number         0  __scatter.o ABSOLUTE
    ../clib/angel/startup.s                  0x00000000   Number         0  __main.o ABSOLUTE
    ../clib/angel/sys.s                      0x00000000   Number         0  indicate_semi.o ABSOLUTE
    ../clib/angel/sys.s                      0x00000000   Number         0  libspace.o ABSOLUTE
    ../clib/angel/sys.s                      0x00000000   Number         0  sys_stackheap_outer.o ABSOLUTE
    ../clib/angel/sys.s                      0x00000000   Number         0  use_no_semi.o ABSOLUTE
    ../clib/angel/sys.s                      0x00000000   Number         0  mutex_dummy.o ABSOLUTE
    ../clib/angel/sysapp.c                   0x00000000   Number         0  sys_command.o ABSOLUTE
    ../clib/angel/sysapp.c                   0x00000000   Number         0  sys_exit.o ABSOLUTE
    ../clib/angel/sysapp.c                   0x00000000   Number         0  sys_wrch.o ABSOLUTE
    ../clib/armsys.c                         0x00000000   Number         0  argv_veneer.o ABSOLUTE
    ../clib/armsys.c                         0x00000000   Number         0  argv_veneer.o ABSOLUTE
    ../clib/armsys.c                         0x00000000   Number         0  _get_argv_nomalloc.o ABSOLUTE
    ../clib/armsys.c                         0x00000000   Number         0  _get_argv.o ABSOLUTE
    ../clib/armsys.c                         0x00000000   Number         0  no_argv.o ABSOLUTE
    ../clib/fenv.c                           0x00000000   Number         0  _rserrno.o ABSOLUTE
    ../clib/heap1.c                          0x00000000   Number         0  h1_free.o ABSOLUTE
    ../clib/heap1.c                          0x00000000   Number         0  h1_final.o ABSOLUTE
    ../clib/heap1.c                          0x00000000   Number         0  h1_alloc.o ABSOLUTE
    ../clib/heap1.c                          0x00000000   Number         0  h1_init_mt.o ABSOLUTE
    ../clib/heap1.c                          0x00000000   Number         0  h1_init.o ABSOLUTE
    ../clib/heap1.c                          0x00000000   Number         0  h1_free_mt.o ABSOLUTE
    ../clib/heap1.c                          0x00000000   Number         0  h1_extend_mt.o ABSOLUTE
    ../clib/heap1.c                          0x00000000   Number         0  h1_extend.o ABSOLUTE
    ../clib/heap1.c                          0x00000000   Number         0  h1_final_mt.o ABSOLUTE
    ../clib/heap1.c                          0x00000000   Number         0  h1_alloc_mt.o ABSOLUTE
    ../clib/heap2.c                          0x00000000   Number         0  heap2mt.o ABSOLUTE
    ../clib/heap2.c                          0x00000000   Number         0  heap2.o ABSOLUTE
    ../clib/heap2.c                          0x00000000   Number         0  fdtree.o ABSOLUTE
    ../clib/heapalloc.c                      0x00000000   Number         0  free.o ABSOLUTE
    ../clib/heapalloc.c                      0x00000000   Number         0  hrguard.o ABSOLUTE
    ../clib/heapalloc.c                      0x00000000   Number         0  term_alloc.o ABSOLUTE
    ../clib/heapalloc.c                      0x00000000   Number         0  maybetermalloc1.o ABSOLUTE
    ../clib/heapalloc.c                      0x00000000   Number         0  heapstubs.o ABSOLUTE
    ../clib/heapalloc.c                      0x00000000   Number         0  hguard.o ABSOLUTE
    ../clib/heapalloc.c                      0x00000000   Number         0  init_alloc.o ABSOLUTE
    ../clib/heapalloc.c                      0x00000000   Number         0  malloc.o ABSOLUTE
    ../clib/heapalloc.c                      0x00000000   Number         0  maybetermalloc2.o ABSOLUTE
    ../clib/heapalloc.c                      0x00000000   Number         0  maybetermalloc2.o ABSOLUTE
    ../clib/heapalloc.c                      0x00000000   Number         0  maybetermalloc1.o ABSOLUTE
    ../clib/heapaux.c                        0x00000000   Number         0  heapauxi.o ABSOLUTE
    ../clib/heapaux.c                        0x00000000   Number         0  heapauxa.o ABSOLUTE
    ../clib/libinit.s                        0x00000000   Number         0  libshutdown2.o ABSOLUTE
    ../clib/libinit.s                        0x00000000   Number         0  libinit2.o ABSOLUTE
    ../clib/libinit.s                        0x00000000   Number         0  libinit.o ABSOLUTE
    ../clib/libinit.s                        0x00000000   Number         0  libshutdown.o ABSOLUTE
    ../clib/memcpset.s                       0x00000000   Number         0  rt_memclr_w.o ABSOLUTE
    ../clib/memcpset.s                       0x00000000   Number         0  rt_memcpy_w.o ABSOLUTE
    ../clib/printf.c                         0x00000000   Number         0  _printf_intcommon.o ABSOLUTE
    ../clib/printf.c                         0x00000000   Number         0  __printf_wp.o ABSOLUTE
    ../clib/printf.c                         0x00000000   Number         0  __printf_flags_wp.o ABSOLUTE
    ../clib/printf.c                         0x00000000   Number         0  __printf_flags_ss_wp.o ABSOLUTE
    ../clib/printf.c                         0x00000000   Number         0  _printf_char.o ABSOLUTE
    ../clib/printf.c                         0x00000000   Number         0  _sputc.o ABSOLUTE
    ../clib/printf.c                         0x00000000   Number         0  __printf.o ABSOLUTE
    ../clib/printf.c                         0x00000000   Number         0  __printf_ss_wp.o ABSOLUTE
    ../clib/printf.c                         0x00000000   Number         0  _printf_char_common.o ABSOLUTE
    ../clib/printf.c                         0x00000000   Number         0  __2sprintf.o ABSOLUTE
    ../clib/printf.c                         0x00000000   Number         0  noretval__2sprintf.o ABSOLUTE
    ../clib/printf.c                         0x00000000   Number         0  _printf_str.o ABSOLUTE
    ../clib/printf.c                         0x00000000   Number         0  _printf_dec.o ABSOLUTE
    ../clib/printf.c                         0x00000000   Number         0  __printf_flags.o ABSOLUTE
    ../clib/printf.c                         0x00000000   Number         0  __printf_nopercent.o ABSOLUTE
    ../clib/printf.c                         0x00000000   Number         0  __printf_ss.o ABSOLUTE
    ../clib/printf.c                         0x00000000   Number         0  __printf_flags_ss.o ABSOLUTE
    ../clib/printf_percent.s                 0x00000000   Number         0  _printf_percent_end.o ABSOLUTE
    ../clib/printf_percent.s                 0x00000000   Number         0  _printf_percent.o ABSOLUTE
    ../clib/printf_percent.s                 0x00000000   Number         0  _printf_s.o ABSOLUTE
    ../clib/printf_percent.s                 0x00000000   Number         0  _printf_d.o ABSOLUTE
    ../clib/signal.c                         0x00000000   Number         0  defsig_fpe_inner.o ABSOLUTE
    ../clib/signal.c                         0x00000000   Number         0  __raise.o ABSOLUTE
    ../clib/signal.c                         0x00000000   Number         0  defsig_general.o ABSOLUTE
    ../clib/signal.c                         0x00000000   Number         0  defsig_rtmem_inner.o ABSOLUTE
    ../clib/signal.c                         0x00000000   Number         0  defsig_exit.o ABSOLUTE
    ../clib/signal.c                         0x00000000   Number         0  defsig_rtred_inner.o ABSOLUTE
    ../clib/signal.c                         0x00000000   Number         0  defsig_stak_inner.o ABSOLUTE
    ../clib/signal.c                         0x00000000   Number         0  defsig_pvfn_inner.o ABSOLUTE
    ../clib/signal.c                         0x00000000   Number         0  defsig_rtmem_formal.o ABSOLUTE
    ../clib/signal.c                         0x00000000   Number         0  defsig_rtmem_outer.o ABSOLUTE
    ../clib/signal.c                         0x00000000   Number         0  defsig_cppl_inner.o ABSOLUTE
    ../clib/signal.c                         0x00000000   Number         0  defsig_segv_inner.o ABSOLUTE
    ../clib/signal.c                         0x00000000   Number         0  defsig_other.o ABSOLUTE
    ../clib/signal.c                         0x00000000   Number         0  defsig_abrt_inner.o ABSOLUTE
    ../clib/signal.s                         0x00000000   Number         0  defsig.o ABSOLUTE
    ../clib/stdlib.c                         0x00000000   Number         0  exit.o ABSOLUTE
    ../clib/string.c                         0x00000000   Number         0  strcpy.o ABSOLUTE
    ../clib/string.c                         0x00000000   Number         0  strlen.o ABSOLUTE
    ../fplib/basic.s                         0x00000000   Number         0  basic.o ABSOLUTE
    ../fplib/d2f.s                           0x00000000   Number         0  d2f.o ABSOLUTE
    ../fplib/daddsub.s                       0x00000000   Number         0  daddsub_clz.o ABSOLUTE
    ../fplib/dcmpi.s                         0x00000000   Number         0  dcmpi.o ABSOLUTE
    ../fplib/ddiv.s                          0x00000000   Number         0  ddiv.o ABSOLUTE
    ../fplib/dfix.s                          0x00000000   Number         0  dfix.o ABSOLUTE
    ../fplib/dflt.s                          0x00000000   Number         0  dflt_clz.o ABSOLUTE
    ../fplib/dleqf.s                         0x00000000   Number         0  dleqf.o ABSOLUTE
    ../fplib/dmul.s                          0x00000000   Number         0  dmul.o ABSOLUTE
    ../fplib/dnaninf.s                       0x00000000   Number         0  dnaninf.o ABSOLUTE
    ../fplib/dretinf.s                       0x00000000   Number         0  dretinf.o ABSOLUTE
    ../fplib/drleqf.s                        0x00000000   Number         0  drleqf.o ABSOLUTE
    ../fplib/drnd.s                          0x00000000   Number         0  drnd.o ABSOLUTE
    ../fplib/f2d.s                           0x00000000   Number         0  f2d.o ABSOLUTE
    ../fplib/fnaninf.s                       0x00000000   Number         0  fnaninf.o ABSOLUTE
    ../fplib/fpinit.s                        0x00000000   Number         0  fpinit.o ABSOLUTE
    ../fplib/fretinf.s                       0x00000000   Number         0  fretinf.o ABSOLUTE
    ../fplib/usenofp.s                       0x00000000   Number         0  usenofp.o ABSOLUTE
    ../mathlib/cos.c                         0x00000000   Number         0  cos.o ABSOLUTE
    ../mathlib/cos.c                         0x00000000   Number         0  cos_x.o ABSOLUTE
    ../mathlib/cos_i.c                       0x00000000   Number         0  cos_i.o ABSOLUTE
    ../mathlib/dunder.c                      0x00000000   Number         0  dunder.o ABSOLUTE
    ../mathlib/fabs.c                        0x00000000   Number         0  fabs.o ABSOLUTE
    ../mathlib/fpclassify.c                  0x00000000   Number         0  fpclassify.o ABSOLUTE
    ../mathlib/poly.c                        0x00000000   Number         0  poly.o ABSOLUTE
    ../mathlib/round.c                       0x00000000   Number         0  round.o ABSOLUTE
    ../mathlib/rred.c                        0x00000000   Number         0  rred.o ABSOLUTE
    ../mathlib/sin.c                         0x00000000   Number         0  sin.o ABSOLUTE
    ../mathlib/sin.c                         0x00000000   Number         0  sin_x.o ABSOLUTE
    ../mathlib/sin_i.c                       0x00000000   Number         0  sin_i.o ABSOLUTE
    ../mathlib/sin_i.c                       0x00000000   Number         0  sin_i_x.o ABSOLUTE
    ..\Core\Src\GC9A01.c                     0x00000000   Number         0  gc9a01.o ABSOLUTE
    ..\Core\Src\font12.c                     0x00000000   Number         0  font12.o ABSOLUTE
    ..\Core\Src\font16.c                     0x00000000   Number         0  font16.o ABSOLUTE
    ..\Core\Src\font20.c                     0x00000000   Number         0  font20.o ABSOLUTE
    ..\Core\Src\font24.c                     0x00000000   Number         0  font24.o ABSOLUTE
    ..\Core\Src\font8.c                      0x00000000   Number         0  font8.o ABSOLUTE
    ..\Core\Src\main.c                       0x00000000   Number         0  main.o ABSOLUTE
    ..\Core\Src\stm32f4xx_it.c               0x00000000   Number         0  stm32f4xx_it.o ABSOLUTE
    ..\Core\Src\system_stm32f4xx.c           0x00000000   Number         0  system_stm32f4xx.o ABSOLUTE
    ..\Drivers\STM32F4xx_HAL_Driver\Src\stm32f4xx_ll_dma.c 0x00000000   Number         0  stm32f4xx_ll_dma.o ABSOLUTE
    ..\Drivers\STM32F4xx_HAL_Driver\Src\stm32f4xx_ll_exti.c 0x00000000   Number         0  stm32f4xx_ll_exti.o ABSOLUTE
    ..\Drivers\STM32F4xx_HAL_Driver\Src\stm32f4xx_ll_gpio.c 0x00000000   Number         0  stm32f4xx_ll_gpio.o ABSOLUTE
    ..\Drivers\STM32F4xx_HAL_Driver\Src\stm32f4xx_ll_rcc.c 0x00000000   Number         0  stm32f4xx_ll_rcc.o ABSOLUTE
    ..\Drivers\STM32F4xx_HAL_Driver\Src\stm32f4xx_ll_spi.c 0x00000000   Number         0  stm32f4xx_ll_spi.o ABSOLUTE
    ..\Drivers\STM32F4xx_HAL_Driver\Src\stm32f4xx_ll_utils.c 0x00000000   Number         0  stm32f4xx_ll_utils.o ABSOLUTE
    ..\\Core\\Src\\GC9A01.c                  0x00000000   Number         0  gc9a01.o ABSOLUTE
    dc.s                                     0x00000000   Number         0  dc.o ABSOLUTE
    startup_stm32f411xe.s                    0x00000000   Number         0  startup_stm32f411xe.o ABSOLUTE
    RESET                                    0x08000000   Section      408  startup_stm32f411xe.o(RESET)
    !!!main                                  0x08000198   Section        8  __main.o(!!!main)
    !!!scatter                               0x080001a0   Section       52  __scatter.o(!!!scatter)
    !!handler_copy                           0x080001d4   Section       26  __scatter_copy.o(!!handler_copy)
    !!handler_zi                             0x080001f0   Section       28  __scatter_zi.o(!!handler_zi)
    .ARM.Collect$$libinit$$00000000          0x0800020c   Section        2  libinit.o(.ARM.Collect$$libinit$$00000000)
    .ARM.Collect$$libinit$$00000001          0x0800020e   Section        4  libinit2.o(.ARM.Collect$$libinit$$00000001)
    .ARM.Collect$$libinit$$00000004          0x08000212   Section        0  libinit2.o(.ARM.Collect$$libinit$$00000004)
    .ARM.Collect$$libinit$$00000005          0x08000212   Section        8  libinit2.o(.ARM.Collect$$libinit$$00000005)
    .ARM.Collect$$libinit$$0000000A          0x0800021a   Section        0  libinit2.o(.ARM.Collect$$libinit$$0000000A)
    .ARM.Collect$$libinit$$0000000C          0x0800021a   Section        0  libinit2.o(.ARM.Collect$$libinit$$0000000C)
    .ARM.Collect$$libinit$$0000000E          0x0800021a   Section        0  libinit2.o(.ARM.Collect$$libinit$$0000000E)
    .ARM.Collect$$libinit$$00000011          0x0800021a   Section        0  libinit2.o(.ARM.Collect$$libinit$$00000011)
    .ARM.Collect$$libinit$$00000013          0x0800021a   Section        0  libinit2.o(.ARM.Collect$$libinit$$00000013)
    .ARM.Collect$$libinit$$00000015          0x0800021a   Section        0  libinit2.o(.ARM.Collect$$libinit$$00000015)
    .ARM.Collect$$libinit$$00000017          0x0800021a   Section        0  libinit2.o(.ARM.Collect$$libinit$$00000017)
    .ARM.Collect$$libinit$$00000019          0x0800021a   Section        0  libinit2.o(.ARM.Collect$$libinit$$00000019)
    .ARM.Collect$$libinit$$0000001B          0x0800021a   Section        0  libinit2.o(.ARM.Collect$$libinit$$0000001B)
    .ARM.Collect$$libinit$$0000001D          0x0800021a   Section        0  libinit2.o(.ARM.Collect$$libinit$$0000001D)
    .ARM.Collect$$libinit$$0000001F          0x0800021a   Section        0  libinit2.o(.ARM.Collect$$libinit$$0000001F)
    .ARM.Collect$$libinit$$00000021          0x0800021a   Section        0  libinit2.o(.ARM.Collect$$libinit$$00000021)
    .ARM.Collect$$libinit$$00000023          0x0800021a   Section        0  libinit2.o(.ARM.Collect$$libinit$$00000023)
    .ARM.Collect$$libinit$$00000025          0x0800021a   Section        0  libinit2.o(.ARM.Collect$$libinit$$00000025)
    .ARM.Collect$$libinit$$0000002C          0x0800021a   Section        0  libinit2.o(.ARM.Collect$$libinit$$0000002C)
    .ARM.Collect$$libinit$$0000002E          0x0800021a   Section        0  libinit2.o(.ARM.Collect$$libinit$$0000002E)
    .ARM.Collect$$libinit$$00000030          0x0800021a   Section        0  libinit2.o(.ARM.Collect$$libinit$$00000030)
    .ARM.Collect$$libinit$$00000032          0x0800021a   Section        0  libinit2.o(.ARM.Collect$$libinit$$00000032)
    .ARM.Collect$$libinit$$00000033          0x0800021a   Section        2  libinit2.o(.ARM.Collect$$libinit$$00000033)
    .ARM.Collect$$libshutdown$$00000000      0x0800021c   Section        2  libshutdown.o(.ARM.Collect$$libshutdown$$00000000)
    .ARM.Collect$$libshutdown$$00000002      0x0800021e   Section        0  libshutdown2.o(.ARM.Collect$$libshutdown$$00000002)
    .ARM.Collect$$libshutdown$$00000004      0x0800021e   Section        0  libshutdown2.o(.ARM.Collect$$libshutdown$$00000004)
    .ARM.Collect$$libshutdown$$00000007      0x0800021e   Section        0  libshutdown2.o(.ARM.Collect$$libshutdown$$00000007)
    .ARM.Collect$$libshutdown$$0000000A      0x0800021e   Section        0  libshutdown2.o(.ARM.Collect$$libshutdown$$0000000A)
    .ARM.Collect$$libshutdown$$0000000C      0x0800021e   Section        0  libshutdown2.o(.ARM.Collect$$libshutdown$$0000000C)
    .ARM.Collect$$libshutdown$$0000000F      0x0800021e   Section        0  libshutdown2.o(.ARM.Collect$$libshutdown$$0000000F)
    .ARM.Collect$$libshutdown$$00000010      0x0800021e   Section        2  libshutdown2.o(.ARM.Collect$$libshutdown$$00000010)
    .ARM.Collect$$rtentry$$00000000          0x08000220   Section        0  __rtentry.o(.ARM.Collect$$rtentry$$00000000)
    .ARM.Collect$$rtentry$$00000002          0x08000220   Section        0  __rtentry2.o(.ARM.Collect$$rtentry$$00000002)
    .ARM.Collect$$rtentry$$00000004          0x08000220   Section        6  __rtentry4.o(.ARM.Collect$$rtentry$$00000004)
    .ARM.Collect$$rtentry$$00000009          0x08000226   Section        0  __rtentry2.o(.ARM.Collect$$rtentry$$00000009)
    .ARM.Collect$$rtentry$$0000000A          0x08000226   Section        4  __rtentry2.o(.ARM.Collect$$rtentry$$0000000A)
    .ARM.Collect$$rtentry$$0000000C          0x0800022a   Section        0  __rtentry2.o(.ARM.Collect$$rtentry$$0000000C)
    .ARM.Collect$$rtentry$$0000000D          0x0800022a   Section        8  __rtentry2.o(.ARM.Collect$$rtentry$$0000000D)
    .ARM.Collect$$rtexit$$00000000           0x08000232   Section        2  rtexit.o(.ARM.Collect$$rtexit$$00000000)
    .ARM.Collect$$rtexit$$00000002           0x08000234   Section        0  rtexit2.o(.ARM.Collect$$rtexit$$00000002)
    .ARM.Collect$$rtexit$$00000003           0x08000234   Section        4  rtexit2.o(.ARM.Collect$$rtexit$$00000003)
    .ARM.Collect$$rtexit$$00000004           0x08000238   Section        6  rtexit2.o(.ARM.Collect$$rtexit$$00000004)
    .emb_text                                0x08000240   Section        0  maybetermalloc1.o(.emb_text)
    .text                                    0x08000240   Section       64  startup_stm32f411xe.o(.text)
    $v0                                      0x08000240   Number         0  startup_stm32f411xe.o(.text)
    .text                                    0x08000280   Section        0  h1_alloc.o(.text)
    .text                                    0x080002de   Section        0  h1_free.o(.text)
    .text                                    0x0800032c   Section        0  strcpy.o(.text)
    .text                                    0x08000374   Section       78  rt_memclr_w.o(.text)
    .text                                    0x080003c2   Section        0  heapauxi.o(.text)
    .text                                    0x080003c8   Section        8  rt_heap_descriptor_intlibspace.o(.text)
    .text                                    0x080003d0   Section        0  hguard.o(.text)
    .text                                    0x080003d4   Section        0  init_alloc.o(.text)
    .text                                    0x0800045e   Section        0  h1_init.o(.text)
    .text                                    0x0800046c   Section        0  _rserrno.o(.text)
    .text                                    0x08000484   Section        8  libspace.o(.text)
    .text                                    0x0800048c   Section        8  rt_errno_addr_intlibspace.o(.text)
    .text                                    0x08000494   Section        0  h1_extend.o(.text)
    .text                                    0x080004c8   Section        0  defsig_rtmem_outer.o(.text)
    .text                                    0x080004d6   Section        2  use_no_semi.o(.text)
    .text                                    0x080004d8   Section       74  sys_stackheap_outer.o(.text)
    .text                                    0x080004d8   Section        0  indicate_semi.o(.text)
    .text                                    0x08000522   Section        0  exit.o(.text)
    .text                                    0x08000534   Section        0  defsig_exit.o(.text)
    .text                                    0x08000540   Section        0  defsig_rtmem_inner.o(.text)
    .text                                    0x08000590   Section        0  sys_exit.o(.text)
    .text                                    0x0800059c   Section        0  defsig_general.o(.text)
    .text                                    0x080005ce   Section        0  sys_wrch.o(.text)
    i.BusFault_Handler                       0x080005dc   Section        0  stm32f4xx_it.o(i.BusFault_Handler)
    i.DMA2_Stream3_IRQHandler                0x080005e0   Section        0  stm32f4xx_it.o(i.DMA2_Stream3_IRQHandler)
    i.DebugMon_Handler                       0x08000614   Section        0  stm32f4xx_it.o(i.DebugMon_Handler)
    i.Error_Handler                          0x08000616   Section        0  main.o(i.Error_Handler)
    i.GC9A01_ClearScreen                     0x0800061a   Section        0  gc9a01.o(i.GC9A01_ClearScreen)
    i.GC9A01_ClearWindow                     0x0800062c   Section        0  gc9a01.o(i.GC9A01_ClearWindow)
    i.GC9A01_DrawCircleArountTheCircle       0x080006bc   Section        0  gc9a01.o(i.GC9A01_DrawCircleArountTheCircle)
    i.GC9A01_FillCircle                      0x080007a0   Section        0  gc9a01.o(i.GC9A01_FillCircle)
    i.GC9A01_Initial                         0x08000870   Section        0  gc9a01.o(i.GC9A01_Initial)
    i.GC9A01_SetBackColor                    0x08000ce4   Section        0  gc9a01.o(i.GC9A01_SetBackColor)
    i.GC9A01_SetFont                         0x08000cf0   Section        0  gc9a01.o(i.GC9A01_SetFont)
    i.GC9A01_SetPos                          0x08000cfc   Section        0  gc9a01.o(i.GC9A01_SetPos)
    i.GC9A01_SetTextColor                    0x08000d4c   Section        0  gc9a01.o(i.GC9A01_SetTextColor)
    i.GC9A01_Write_Bytes                     0x08000d58   Section        0  gc9a01.o(i.GC9A01_Write_Bytes)
    i.GC9A01_Write_Cmd                       0x08000e1c   Section        0  gc9a01.o(i.GC9A01_Write_Cmd)
    i.GC9A01_Write_Cmd_Data                  0x08000e4c   Section        0  gc9a01.o(i.GC9A01_Write_Cmd_Data)
    i.HardFault_Handler                      0x08000e78   Section        0  stm32f4xx_it.o(i.HardFault_Handler)
    i.LL_AHB1_GRP1_EnableClock               0x08000e7c   Section        0  main.o(i.LL_AHB1_GRP1_EnableClock)
    LL_AHB1_GRP1_EnableClock                 0x08000e7d   Thumb Code    18  main.o(i.LL_AHB1_GRP1_EnableClock)
    i.LL_APB2_GRP1_EnableClock               0x08000e94   Section        0  main.o(i.LL_APB2_GRP1_EnableClock)
    LL_APB2_GRP1_EnableClock                 0x08000e95   Thumb Code    18  main.o(i.LL_APB2_GRP1_EnableClock)
    i.LL_DMA_DisableStream                   0x08000eac   Section        0  gc9a01.o(i.LL_DMA_DisableStream)
    LL_DMA_DisableStream                     0x08000ead   Thumb Code    14  gc9a01.o(i.LL_DMA_DisableStream)
    i.LL_GPIO_Init                           0x08000ec0   Section        0  stm32f4xx_ll_gpio.o(i.LL_GPIO_Init)
    i.LL_Init1msTick                         0x08000ff6   Section        0  stm32f4xx_ll_utils.o(i.LL_Init1msTick)
    i.LL_SPI_Init                            0x08001010   Section        0  stm32f4xx_ll_spi.o(i.LL_SPI_Init)
    i.LL_SetSystemCoreClock                  0x08001074   Section        0  stm32f4xx_ll_utils.o(i.LL_SetSystemCoreClock)
    i.MX_GPIO_Init                           0x08001080   Section        0  main.o(i.MX_GPIO_Init)
    MX_GPIO_Init                             0x08001081   Thumb Code    84  main.o(i.MX_GPIO_Init)
    i.MX_SPI1_Init                           0x080010dc   Section        0  main.o(i.MX_SPI1_Init)
    MX_SPI1_Init                             0x080010dd   Thumb Code   242  main.o(i.MX_SPI1_Init)
    i.MemManage_Handler                      0x080011e0   Section        0  stm32f4xx_it.o(i.MemManage_Handler)
    i.NMI_Handler                            0x080011e2   Section        0  stm32f4xx_it.o(i.NMI_Handler)
    i.NVIC_EncodePriority                    0x080011e4   Section        0  main.o(i.NVIC_EncodePriority)
    NVIC_EncodePriority                      0x080011e5   Thumb Code    50  main.o(i.NVIC_EncodePriority)
    i.PendSV_Handler                         0x08001216   Section        0  stm32f4xx_it.o(i.PendSV_Handler)
    i.SPI_write                              0x08001218   Section        0  gc9a01.o(i.SPI_write)
    i.SVC_Handler                            0x08001244   Section        0  stm32f4xx_it.o(i.SVC_Handler)
    i.SysTick_Handler                        0x08001246   Section        0  stm32f4xx_it.o(i.SysTick_Handler)
    i.SystemClock_Config                     0x08001248   Section        0  main.o(i.SystemClock_Config)
    i.SystemInit                             0x08001320   Section        0  system_stm32f4xx.o(i.SystemInit)
    i.UsageFault_Handler                     0x08001330   Section        0  stm32f4xx_it.o(i.UsageFault_Handler)
    i.__ARM_fpclassify                       0x08001332   Section        0  fpclassify.o(i.__ARM_fpclassify)
    i.__NVIC_SetPriority                     0x08001362   Section        0  main.o(i.__NVIC_SetPriority)
    __NVIC_SetPriority                       0x08001363   Thumb Code    32  main.o(i.__NVIC_SetPriority)
    i.__hardfp_cos                           0x08001388   Section        0  cos.o(i.__hardfp_cos)
    i.__hardfp_round                         0x08001450   Section        0  round.o(i.__hardfp_round)
    i.__hardfp_sin                           0x08001530   Section        0  sin.o(i.__hardfp_sin)
    i.__ieee754_rem_pio2                     0x080015f8   Section        0  rred.o(i.__ieee754_rem_pio2)
    i.__kernel_cos                           0x08001a30   Section        0  cos_i.o(i.__kernel_cos)
    i.__kernel_poly                          0x08001ba0   Section        0  poly.o(i.__kernel_poly)
    i.__kernel_sin                           0x08001c98   Section        0  sin_i.o(i.__kernel_sin)
    i.__mathlib_dbl_infnan                   0x08001dc8   Section        0  dunder.o(i.__mathlib_dbl_infnan)
    i.__mathlib_dbl_invalid                  0x08001de0   Section        0  dunder.o(i.__mathlib_dbl_invalid)
    i.__mathlib_dbl_underflow                0x08001e00   Section        0  dunder.o(i.__mathlib_dbl_underflow)
    i.fabs                                   0x08001e20   Section        0  fabs.o(i.fabs)
    i.main                                   0x08001e38   Section        0  main.o(i.main)
    x$fpl$basic                              0x08002174   Section       24  basic.o(x$fpl$basic)
    $v0                                      0x08002174   Number         0  basic.o(x$fpl$basic)
    x$fpl$d2f                                0x0800218c   Section       98  d2f.o(x$fpl$d2f)
    $v0                                      0x0800218c   Number         0  d2f.o(x$fpl$d2f)
    x$fpl$dadd                               0x080021f0   Section      336  daddsub_clz.o(x$fpl$dadd)
    $v0                                      0x080021f0   Number         0  daddsub_clz.o(x$fpl$dadd)
    _dadd1                                   0x08002201   Thumb Code     0  daddsub_clz.o(x$fpl$dadd)
    x$fpl$dcmpinf                            0x08002340   Section       24  dcmpi.o(x$fpl$dcmpinf)
    $v0                                      0x08002340   Number         0  dcmpi.o(x$fpl$dcmpinf)
    x$fpl$ddiv                               0x08002358   Section      688  ddiv.o(x$fpl$ddiv)
    $v0                                      0x08002358   Number         0  ddiv.o(x$fpl$ddiv)
    ddiv_entry                               0x0800235f   Thumb Code     0  ddiv.o(x$fpl$ddiv)
    x$fpl$dfix                               0x08002608   Section       94  dfix.o(x$fpl$dfix)
    $v0                                      0x08002608   Number         0  dfix.o(x$fpl$dfix)
    x$fpl$dflt                               0x08002666   Section       46  dflt_clz.o(x$fpl$dflt)
    $v0                                      0x08002666   Number         0  dflt_clz.o(x$fpl$dflt)
    x$fpl$dfltu                              0x08002694   Section       38  dflt_clz.o(x$fpl$dfltu)
    $v0                                      0x08002694   Number         0  dflt_clz.o(x$fpl$dfltu)
    x$fpl$dleqf                              0x080026bc   Section      120  dleqf.o(x$fpl$dleqf)
    $v0                                      0x080026bc   Number         0  dleqf.o(x$fpl$dleqf)
    x$fpl$dmul                               0x08002734   Section      340  dmul.o(x$fpl$dmul)
    $v0                                      0x08002734   Number         0  dmul.o(x$fpl$dmul)
    x$fpl$dnaninf                            0x08002888   Section      156  dnaninf.o(x$fpl$dnaninf)
    $v0                                      0x08002888   Number         0  dnaninf.o(x$fpl$dnaninf)
    x$fpl$dretinf                            0x08002924   Section       12  dretinf.o(x$fpl$dretinf)
    $v0                                      0x08002924   Number         0  dretinf.o(x$fpl$dretinf)
    x$fpl$drleqf                             0x08002930   Section      108  drleqf.o(x$fpl$drleqf)
    $v0                                      0x08002930   Number         0  drleqf.o(x$fpl$drleqf)
    x$fpl$drnd                               0x0800299c   Section      180  drnd.o(x$fpl$drnd)
    $v0                                      0x0800299c   Number         0  drnd.o(x$fpl$drnd)
    x$fpl$drsb                               0x08002a50   Section       22  daddsub_clz.o(x$fpl$drsb)
    $v0                                      0x08002a50   Number         0  daddsub_clz.o(x$fpl$drsb)
    x$fpl$dsub                               0x08002a68   Section      468  daddsub_clz.o(x$fpl$dsub)
    $v0                                      0x08002a68   Number         0  daddsub_clz.o(x$fpl$dsub)
    _dsub1                                   0x08002a79   Thumb Code     0  daddsub_clz.o(x$fpl$dsub)
    x$fpl$f2d                                0x08002c3c   Section       86  f2d.o(x$fpl$f2d)
    $v0                                      0x08002c3c   Number         0  f2d.o(x$fpl$f2d)
    x$fpl$fnaninf                            0x08002c92   Section      140  fnaninf.o(x$fpl$fnaninf)
    $v0                                      0x08002c92   Number         0  fnaninf.o(x$fpl$fnaninf)
    x$fpl$fpinit                             0x08002d1e   Section       10  fpinit.o(x$fpl$fpinit)
    $v0                                      0x08002d1e   Number         0  fpinit.o(x$fpl$fpinit)
    x$fpl$fretinf                            0x08002d28   Section       10  fretinf.o(x$fpl$fretinf)
    $v0                                      0x08002d28   Number         0  fretinf.o(x$fpl$fretinf)
    .constdata                               0x08002d32   Section     3040  font16.o(.constdata)
    x$fpl$usenofp                            0x08002d32   Section        0  usenofp.o(x$fpl$usenofp)
    .constdata                               0x08003912   Section        8  gc9a01.o(.constdata)
    STREAM_OFFSET_TAB                        0x08003912   Data           8  gc9a01.o(.constdata)
    .constdata                               0x0800391a   Section        8  main.o(.constdata)
    STREAM_OFFSET_TAB                        0x0800391a   Data           8  main.o(.constdata)
    .constdata                               0x08003928   Section       48  cos_i.o(.constdata)
    C                                        0x08003928   Data          48  cos_i.o(.constdata)
    .constdata                               0x08003958   Section      200  rred.o(.constdata)
    pio2s                                    0x08003958   Data          48  rred.o(.constdata)
    twooverpi                                0x08003988   Data         152  rred.o(.constdata)
    .constdata                               0x08003a20   Section       40  sin_i.o(.constdata)
    S                                        0x08003a20   Data          40  sin_i.o(.constdata)
    .data                                    0x20000000   Section        8  font16.o(.data)
    .data                                    0x20000008   Section       12  gc9a01.o(.data)
    .data                                    0x20000014   Section        1  main.o(.data)
    .data                                    0x20000018   Section        4  system_stm32f4xx.o(.data)
    .bss                                     0x2000001c   Section      416  main.o(.bss)
    .bss                                     0x200001bc   Section       96  libspace.o(.bss)
    HEAP                                     0x20000220   Section     2048  startup_stm32f411xe.o(HEAP)
    Heap_Mem                                 0x20000220   Data        2048  startup_stm32f411xe.o(HEAP)
    STACK                                    0x20000a20   Section     4096  startup_stm32f411xe.o(STACK)
    Stack_Mem                                0x20000a20   Data        4096  startup_stm32f411xe.o(STACK)
    __initial_sp                             0x20001a20   Data           0  startup_stm32f411xe.o(STACK)

    Global Symbols

    Symbol Name                              Value     Ov Type        Size  Object(Section)

    BuildAttributes$$THM_ISAv4$E$P$D$K$B$S$7EM$VFPi3$EXTD16$VFPS$VFMA$PE$A:L22UL41UL21$X:L11$S22US41US21$IEEE1$IW$USESV6$~STKCKD$USESV7$~SHL$OTIME$ROPI$IEEEX$EBA8$UX$STANDARDLIB$REQ8$PRES8$EABIv2 0x00000000   Number         0  anon$$obj.o ABSOLUTE
    __ARM_use_no_argv                        0x00000000   Number         0  main.o ABSOLUTE
    __ARM_exceptions_init                     - Undefined Weak Reference
    __alloca_initialize                       - Undefined Weak Reference
    __arm_preinit_                            - Undefined Weak Reference
    __cpp_initialize__aeabi_                  - Undefined Weak Reference
    __cxa_finalize                            - Undefined Weak Reference
    __rt_locale                               - Undefined Weak Reference
    __sigvec_lookup                           - Undefined Weak Reference
    __user_heap_extent                        - Undefined Weak Reference
    _atexit_init                              - Undefined Weak Reference
    _call_atexit_fns                          - Undefined Weak Reference
    _clock_init                               - Undefined Weak Reference
    _fp_trap_init                             - Undefined Weak Reference
    _fp_trap_shutdown                         - Undefined Weak Reference
    _get_lc_collate                           - Undefined Weak Reference
    _get_lc_ctype                             - Undefined Weak Reference
    _get_lc_monetary                          - Undefined Weak Reference
    _get_lc_numeric                           - Undefined Weak Reference
    _get_lc_time                              - Undefined Weak Reference
    _getenv_init                              - Undefined Weak Reference
    _handle_redirection                       - Undefined Weak Reference
    _initio                                   - Undefined Weak Reference
    _mutex_acquire                            - Undefined Weak Reference
    _mutex_free                               - Undefined Weak Reference
    _mutex_release                            - Undefined Weak Reference
    _printf_mbtowc                            - Undefined Weak Reference
    _printf_post_padding                      - Undefined Weak Reference
    _printf_pre_padding                       - Undefined Weak Reference
    _printf_truncate_signed                   - Undefined Weak Reference
    _printf_truncate_unsigned                 - Undefined Weak Reference
    _rand_init                                - Undefined Weak Reference
    _signal_finish                            - Undefined Weak Reference
    _signal_init                              - Undefined Weak Reference
    _terminateio                              - Undefined Weak Reference
    __Vectors_Size                           0x00000198   Number         0  startup_stm32f411xe.o ABSOLUTE
    __Vectors                                0x08000000   Data           4  startup_stm32f411xe.o(RESET)
    __Vectors_End                            0x08000198   Data           0  startup_stm32f411xe.o(RESET)
    __main                                   0x08000199   Thumb Code     8  __main.o(!!!main)
    __scatterload                            0x080001a1   Thumb Code     0  __scatter.o(!!!scatter)
    __scatterload_rt2                        0x080001a1   Thumb Code    44  __scatter.o(!!!scatter)
    __scatterload_rt2_thumb_only             0x080001a1   Thumb Code     0  __scatter.o(!!!scatter)
    __scatterload_null                       0x080001af   Thumb Code     0  __scatter.o(!!!scatter)
    __scatterload_copy                       0x080001d5   Thumb Code    26  __scatter_copy.o(!!handler_copy)
    __scatterload_zeroinit                   0x080001f1   Thumb Code    28  __scatter_zi.o(!!handler_zi)
    __rt_lib_init                            0x0800020d   Thumb Code     0  libinit.o(.ARM.Collect$$libinit$$00000000)
    __rt_lib_init_fp_1                       0x0800020f   Thumb Code     0  libinit2.o(.ARM.Collect$$libinit$$00000001)
    __rt_lib_init_heap_2                     0x08000213   Thumb Code     0  libinit2.o(.ARM.Collect$$libinit$$00000005)
    __rt_lib_init_preinit_1                  0x08000213   Thumb Code     0  libinit2.o(.ARM.Collect$$libinit$$00000004)
    __rt_lib_init_alloca_1                   0x0800021b   Thumb Code     0  libinit2.o(.ARM.Collect$$libinit$$0000002E)
    __rt_lib_init_argv_1                     0x0800021b   Thumb Code     0  libinit2.o(.ARM.Collect$$libinit$$0000002C)
    __rt_lib_init_atexit_1                   0x0800021b   Thumb Code     0  libinit2.o(.ARM.Collect$$libinit$$0000001B)
    __rt_lib_init_clock_1                    0x0800021b   Thumb Code     0  libinit2.o(.ARM.Collect$$libinit$$00000021)
    __rt_lib_init_cpp_1                      0x0800021b   Thumb Code     0  libinit2.o(.ARM.Collect$$libinit$$00000032)
    __rt_lib_init_exceptions_1               0x0800021b   Thumb Code     0  libinit2.o(.ARM.Collect$$libinit$$00000030)
    __rt_lib_init_fp_trap_1                  0x0800021b   Thumb Code     0  libinit2.o(.ARM.Collect$$libinit$$0000001F)
    __rt_lib_init_getenv_1                   0x0800021b   Thumb Code     0  libinit2.o(.ARM.Collect$$libinit$$00000023)
    __rt_lib_init_heap_1                     0x0800021b   Thumb Code     0  libinit2.o(.ARM.Collect$$libinit$$0000000A)
    __rt_lib_init_lc_collate_1               0x0800021b   Thumb Code     0  libinit2.o(.ARM.Collect$$libinit$$00000011)
    __rt_lib_init_lc_ctype_1                 0x0800021b   Thumb Code     0  libinit2.o(.ARM.Collect$$libinit$$00000013)
    __rt_lib_init_lc_monetary_1              0x0800021b   Thumb Code     0  libinit2.o(.ARM.Collect$$libinit$$00000015)
    __rt_lib_init_lc_numeric_1               0x0800021b   Thumb Code     0  libinit2.o(.ARM.Collect$$libinit$$00000017)
    __rt_lib_init_lc_time_1                  0x0800021b   Thumb Code     0  libinit2.o(.ARM.Collect$$libinit$$00000019)
    __rt_lib_init_rand_1                     0x0800021b   Thumb Code     0  libinit2.o(.ARM.Collect$$libinit$$0000000E)
    __rt_lib_init_return                     0x0800021b   Thumb Code     0  libinit2.o(.ARM.Collect$$libinit$$00000033)
    __rt_lib_init_signal_1                   0x0800021b   Thumb Code     0  libinit2.o(.ARM.Collect$$libinit$$0000001D)
    __rt_lib_init_stdio_1                    0x0800021b   Thumb Code     0  libinit2.o(.ARM.Collect$$libinit$$00000025)
    __rt_lib_init_user_alloc_1               0x0800021b   Thumb Code     0  libinit2.o(.ARM.Collect$$libinit$$0000000C)
    __rt_lib_shutdown                        0x0800021d   Thumb Code     0  libshutdown.o(.ARM.Collect$$libshutdown$$00000000)
    __rt_lib_shutdown_cpp_1                  0x0800021f   Thumb Code     0  libshutdown2.o(.ARM.Collect$$libshutdown$$00000002)
    __rt_lib_shutdown_fp_trap_1              0x0800021f   Thumb Code     0  libshutdown2.o(.ARM.Collect$$libshutdown$$00000007)
    __rt_lib_shutdown_heap_1                 0x0800021f   Thumb Code     0  libshutdown2.o(.ARM.Collect$$libshutdown$$0000000F)
    __rt_lib_shutdown_return                 0x0800021f   Thumb Code     0  libshutdown2.o(.ARM.Collect$$libshutdown$$00000010)
    __rt_lib_shutdown_signal_1               0x0800021f   Thumb Code     0  libshutdown2.o(.ARM.Collect$$libshutdown$$0000000A)
    __rt_lib_shutdown_stdio_1                0x0800021f   Thumb Code     0  libshutdown2.o(.ARM.Collect$$libshutdown$$00000004)
    __rt_lib_shutdown_user_alloc_1           0x0800021f   Thumb Code     0  libshutdown2.o(.ARM.Collect$$libshutdown$$0000000C)
    __rt_entry                               0x08000221   Thumb Code     0  __rtentry.o(.ARM.Collect$$rtentry$$00000000)
    __rt_entry_presh_1                       0x08000221   Thumb Code     0  __rtentry2.o(.ARM.Collect$$rtentry$$00000002)
    __rt_entry_sh                            0x08000221   Thumb Code     0  __rtentry4.o(.ARM.Collect$$rtentry$$00000004)
    __rt_entry_li                            0x08000227   Thumb Code     0  __rtentry2.o(.ARM.Collect$$rtentry$$0000000A)
    __rt_entry_postsh_1                      0x08000227   Thumb Code     0  __rtentry2.o(.ARM.Collect$$rtentry$$00000009)
    __rt_entry_main                          0x0800022b   Thumb Code     0  __rtentry2.o(.ARM.Collect$$rtentry$$0000000D)
    __rt_entry_postli_1                      0x0800022b   Thumb Code     0  __rtentry2.o(.ARM.Collect$$rtentry$$0000000C)
    __rt_exit                                0x08000233   Thumb Code     0  rtexit.o(.ARM.Collect$$rtexit$$00000000)
    __rt_exit_ls                             0x08000235   Thumb Code     0  rtexit2.o(.ARM.Collect$$rtexit$$00000003)
    __rt_exit_prels_1                        0x08000235   Thumb Code     0  rtexit2.o(.ARM.Collect$$rtexit$$00000002)
    __rt_exit_exit                           0x08000239   Thumb Code     0  rtexit2.o(.ARM.Collect$$rtexit$$00000004)
    Reset_Handler                            0x08000241   Thumb Code     8  startup_stm32f411xe.o(.text)
    _maybe_terminate_alloc                   0x08000241   Thumb Code     0  maybetermalloc1.o(.emb_text)
    ADC_IRQHandler                           0x0800025b   Thumb Code     0  startup_stm32f411xe.o(.text)
    DMA1_Stream0_IRQHandler                  0x0800025b   Thumb Code     0  startup_stm32f411xe.o(.text)
    DMA1_Stream1_IRQHandler                  0x0800025b   Thumb Code     0  startup_stm32f411xe.o(.text)
    DMA1_Stream2_IRQHandler                  0x0800025b   Thumb Code     0  startup_stm32f411xe.o(.text)
    DMA1_Stream3_IRQHandler                  0x0800025b   Thumb Code     0  startup_stm32f411xe.o(.text)
    DMA1_Stream4_IRQHandler                  0x0800025b   Thumb Code     0  startup_stm32f411xe.o(.text)
    DMA1_Stream5_IRQHandler                  0x0800025b   Thumb Code     0  startup_stm32f411xe.o(.text)
    DMA1_Stream6_IRQHandler                  0x0800025b   Thumb Code     0  startup_stm32f411xe.o(.text)
    DMA1_Stream7_IRQHandler                  0x0800025b   Thumb Code     0  startup_stm32f411xe.o(.text)
    DMA2_Stream0_IRQHandler                  0x0800025b   Thumb Code     0  startup_stm32f411xe.o(.text)
    DMA2_Stream1_IRQHandler                  0x0800025b   Thumb Code     0  startup_stm32f411xe.o(.text)
    DMA2_Stream2_IRQHandler                  0x0800025b   Thumb Code     0  startup_stm32f411xe.o(.text)
    DMA2_Stream4_IRQHandler                  0x0800025b   Thumb Code     0  startup_stm32f411xe.o(.text)
    DMA2_Stream5_IRQHandler                  0x0800025b   Thumb Code     0  startup_stm32f411xe.o(.text)
    DMA2_Stream6_IRQHandler                  0x0800025b   Thumb Code     0  startup_stm32f411xe.o(.text)
    DMA2_Stream7_IRQHandler                  0x0800025b   Thumb Code     0  startup_stm32f411xe.o(.text)
    EXTI0_IRQHandler                         0x0800025b   Thumb Code     0  startup_stm32f411xe.o(.text)
    EXTI15_10_IRQHandler                     0x0800025b   Thumb Code     0  startup_stm32f411xe.o(.text)
    EXTI1_IRQHandler                         0x0800025b   Thumb Code     0  startup_stm32f411xe.o(.text)
    EXTI2_IRQHandler                         0x0800025b   Thumb Code     0  startup_stm32f411xe.o(.text)
    EXTI3_IRQHandler                         0x0800025b   Thumb Code     0  startup_stm32f411xe.o(.text)
    EXTI4_IRQHandler                         0x0800025b   Thumb Code     0  startup_stm32f411xe.o(.text)
    EXTI9_5_IRQHandler                       0x0800025b   Thumb Code     0  startup_stm32f411xe.o(.text)
    FLASH_IRQHandler                         0x0800025b   Thumb Code     0  startup_stm32f411xe.o(.text)
    FPU_IRQHandler                           0x0800025b   Thumb Code     0  startup_stm32f411xe.o(.text)
    I2C1_ER_IRQHandler                       0x0800025b   Thumb Code     0  startup_stm32f411xe.o(.text)
    I2C1_EV_IRQHandler                       0x0800025b   Thumb Code     0  startup_stm32f411xe.o(.text)
    I2C2_ER_IRQHandler                       0x0800025b   Thumb Code     0  startup_stm32f411xe.o(.text)
    I2C2_EV_IRQHandler                       0x0800025b   Thumb Code     0  startup_stm32f411xe.o(.text)
    I2C3_ER_IRQHandler                       0x0800025b   Thumb Code     0  startup_stm32f411xe.o(.text)
    I2C3_EV_IRQHandler                       0x0800025b   Thumb Code     0  startup_stm32f411xe.o(.text)
    OTG_FS_IRQHandler                        0x0800025b   Thumb Code     0  startup_stm32f411xe.o(.text)
    OTG_FS_WKUP_IRQHandler                   0x0800025b   Thumb Code     0  startup_stm32f411xe.o(.text)
    PVD_IRQHandler                           0x0800025b   Thumb Code     0  startup_stm32f411xe.o(.text)
    RCC_IRQHandler                           0x0800025b   Thumb Code     0  startup_stm32f411xe.o(.text)
    RTC_Alarm_IRQHandler                     0x0800025b   Thumb Code     0  startup_stm32f411xe.o(.text)
    RTC_WKUP_IRQHandler                      0x0800025b   Thumb Code     0  startup_stm32f411xe.o(.text)
    SDIO_IRQHandler                          0x0800025b   Thumb Code     0  startup_stm32f411xe.o(.text)
    SPI1_IRQHandler                          0x0800025b   Thumb Code     0  startup_stm32f411xe.o(.text)
    SPI2_IRQHandler                          0x0800025b   Thumb Code     0  startup_stm32f411xe.o(.text)
    SPI3_IRQHandler                          0x0800025b   Thumb Code     0  startup_stm32f411xe.o(.text)
    SPI4_IRQHandler                          0x0800025b   Thumb Code     0  startup_stm32f411xe.o(.text)
    SPI5_IRQHandler                          0x0800025b   Thumb Code     0  startup_stm32f411xe.o(.text)
    TAMP_STAMP_IRQHandler                    0x0800025b   Thumb Code     0  startup_stm32f411xe.o(.text)
    TIM1_BRK_TIM9_IRQHandler                 0x0800025b   Thumb Code     0  startup_stm32f411xe.o(.text)
    TIM1_CC_IRQHandler                       0x0800025b   Thumb Code     0  startup_stm32f411xe.o(.text)
    TIM1_TRG_COM_TIM11_IRQHandler            0x0800025b   Thumb Code     0  startup_stm32f411xe.o(.text)
    TIM1_UP_TIM10_IRQHandler                 0x0800025b   Thumb Code     0  startup_stm32f411xe.o(.text)
    TIM2_IRQHandler                          0x0800025b   Thumb Code     0  startup_stm32f411xe.o(.text)
    TIM3_IRQHandler                          0x0800025b   Thumb Code     0  startup_stm32f411xe.o(.text)
    TIM4_IRQHandler                          0x0800025b   Thumb Code     0  startup_stm32f411xe.o(.text)
    TIM5_IRQHandler                          0x0800025b   Thumb Code     0  startup_stm32f411xe.o(.text)
    USART1_IRQHandler                        0x0800025b   Thumb Code     0  startup_stm32f411xe.o(.text)
    USART2_IRQHandler                        0x0800025b   Thumb Code     0  startup_stm32f411xe.o(.text)
    USART6_IRQHandler                        0x0800025b   Thumb Code     0  startup_stm32f411xe.o(.text)
    WWDG_IRQHandler                          0x0800025b   Thumb Code     0  startup_stm32f411xe.o(.text)
    __user_initial_stackheap                 0x0800025d   Thumb Code     0  startup_stm32f411xe.o(.text)
    malloc                                   0x08000281   Thumb Code    94  h1_alloc.o(.text)
    free                                     0x080002df   Thumb Code    78  h1_free.o(.text)
    strcpy                                   0x0800032d   Thumb Code    72  strcpy.o(.text)
    __aeabi_memclr4                          0x08000375   Thumb Code     0  rt_memclr_w.o(.text)
    __aeabi_memclr8                          0x08000375   Thumb Code     0  rt_memclr_w.o(.text)
    __rt_memclr_w                            0x08000375   Thumb Code    78  rt_memclr_w.o(.text)
    _memset_w                                0x08000379   Thumb Code     0  rt_memclr_w.o(.text)
    __use_two_region_memory                  0x080003c3   Thumb Code     2  heapauxi.o(.text)
    __rt_heap_escrow                         0x080003c5   Thumb Code     2  heapauxi.o(.text)
    __rt_heap_expand                         0x080003c7   Thumb Code     2  heapauxi.o(.text)
    __rt_heap_descriptor                     0x080003c9   Thumb Code     8  rt_heap_descriptor_intlibspace.o(.text)
    __use_no_heap                            0x080003d1   Thumb Code     2  hguard.o(.text)
    __heap$guard                             0x080003d3   Thumb Code     2  hguard.o(.text)
    _terminate_user_alloc                    0x080003d5   Thumb Code     2  init_alloc.o(.text)
    _init_user_alloc                         0x080003d7   Thumb Code     2  init_alloc.o(.text)
    __Heap_Full                              0x080003d9   Thumb Code    34  init_alloc.o(.text)
    __Heap_Broken                            0x080003fb   Thumb Code     6  init_alloc.o(.text)
    _init_alloc                              0x08000401   Thumb Code    94  init_alloc.o(.text)
    __Heap_Initialize                        0x0800045f   Thumb Code    10  h1_init.o(.text)
    __Heap_DescSize                          0x08000469   Thumb Code     4  h1_init.o(.text)
    __read_errno                             0x0800046d   Thumb Code    10  _rserrno.o(.text)
    __set_errno                              0x08000477   Thumb Code    12  _rserrno.o(.text)
    __user_libspace                          0x08000485   Thumb Code     8  libspace.o(.text)
    __user_perproc_libspace                  0x08000485   Thumb Code     0  libspace.o(.text)
    __user_perthread_libspace                0x08000485   Thumb Code     0  libspace.o(.text)
    __aeabi_errno_addr                       0x0800048d   Thumb Code     8  rt_errno_addr_intlibspace.o(.text)
    __errno$intlibspace                      0x0800048d   Thumb Code     0  rt_errno_addr_intlibspace.o(.text)
    __rt_errno_addr$intlibspace              0x0800048d   Thumb Code     0  rt_errno_addr_intlibspace.o(.text)
    __Heap_ProvideMemory                     0x08000495   Thumb Code    52  h1_extend.o(.text)
    __rt_SIGRTMEM                            0x080004c9   Thumb Code    14  defsig_rtmem_outer.o(.text)
    __I$use$semihosting                      0x080004d7   Thumb Code     0  use_no_semi.o(.text)
    __use_no_semihosting_swi                 0x080004d7   Thumb Code     2  use_no_semi.o(.text)
    __semihosting_library_function           0x080004d9   Thumb Code     0  indicate_semi.o(.text)
    __user_setup_stackheap                   0x080004d9   Thumb Code    74  sys_stackheap_outer.o(.text)
    exit                                     0x08000523   Thumb Code    18  exit.o(.text)
    __sig_exit                               0x08000535   Thumb Code    10  defsig_exit.o(.text)
    __rt_SIGRTMEM_inner                      0x08000541   Thumb Code    22  defsig_rtmem_inner.o(.text)
    _sys_exit                                0x08000591   Thumb Code     8  sys_exit.o(.text)
    __default_signal_display                 0x0800059d   Thumb Code    50  defsig_general.o(.text)
    _ttywrch                                 0x080005cf   Thumb Code    14  sys_wrch.o(.text)
    BusFault_Handler                         0x080005dd   Thumb Code     2  stm32f4xx_it.o(i.BusFault_Handler)
    DMA2_Stream3_IRQHandler                  0x080005e1   Thumb Code    44  stm32f4xx_it.o(i.DMA2_Stream3_IRQHandler)
    DebugMon_Handler                         0x08000615   Thumb Code     2  stm32f4xx_it.o(i.DebugMon_Handler)
    Error_Handler                            0x08000617   Thumb Code     4  main.o(i.Error_Handler)
    GC9A01_ClearScreen                       0x0800061b   Thumb Code    18  gc9a01.o(i.GC9A01_ClearScreen)
    GC9A01_ClearWindow                       0x0800062d   Thumb Code   142  gc9a01.o(i.GC9A01_ClearWindow)
    GC9A01_DrawCircleArountTheCircle         0x080006bd   Thumb Code   202  gc9a01.o(i.GC9A01_DrawCircleArountTheCircle)
    GC9A01_FillCircle                        0x080007a1   Thumb Code   206  gc9a01.o(i.GC9A01_FillCircle)
    GC9A01_Initial                           0x08000871   Thumb Code  1138  gc9a01.o(i.GC9A01_Initial)
    GC9A01_SetBackColor                      0x08000ce5   Thumb Code     6  gc9a01.o(i.GC9A01_SetBackColor)
    GC9A01_SetFont                           0x08000cf1   Thumb Code     6  gc9a01.o(i.GC9A01_SetFont)
    GC9A01_SetPos                            0x08000cfd   Thumb Code    80  gc9a01.o(i.GC9A01_SetPos)
    GC9A01_SetTextColor                      0x08000d4d   Thumb Code     6  gc9a01.o(i.GC9A01_SetTextColor)
    GC9A01_Write_Bytes                       0x08000d59   Thumb Code   170  gc9a01.o(i.GC9A01_Write_Bytes)
    GC9A01_Write_Cmd                         0x08000e1d   Thumb Code    38  gc9a01.o(i.GC9A01_Write_Cmd)
    GC9A01_Write_Cmd_Data                    0x08000e4d   Thumb Code    36  gc9a01.o(i.GC9A01_Write_Cmd_Data)
    HardFault_Handler                        0x08000e79   Thumb Code     2  stm32f4xx_it.o(i.HardFault_Handler)
    LL_GPIO_Init                             0x08000ec1   Thumb Code   310  stm32f4xx_ll_gpio.o(i.LL_GPIO_Init)
    LL_Init1msTick                           0x08000ff7   Thumb Code    26  stm32f4xx_ll_utils.o(i.LL_Init1msTick)
    LL_SPI_Init                              0x08001011   Thumb Code   100  stm32f4xx_ll_spi.o(i.LL_SPI_Init)
    LL_SetSystemCoreClock                    0x08001075   Thumb Code     6  stm32f4xx_ll_utils.o(i.LL_SetSystemCoreClock)
    MemManage_Handler                        0x080011e1   Thumb Code     2  stm32f4xx_it.o(i.MemManage_Handler)
    NMI_Handler                              0x080011e3   Thumb Code     2  stm32f4xx_it.o(i.NMI_Handler)
    PendSV_Handler                           0x08001217   Thumb Code     2  stm32f4xx_it.o(i.PendSV_Handler)
    SPI_write                                0x08001219   Thumb Code    38  gc9a01.o(i.SPI_write)
    SVC_Handler                              0x08001245   Thumb Code     2  stm32f4xx_it.o(i.SVC_Handler)
    SysTick_Handler                          0x08001247   Thumb Code     2  stm32f4xx_it.o(i.SysTick_Handler)
    SystemClock_Config                       0x08001249   Thumb Code   194  main.o(i.SystemClock_Config)
    SystemInit                               0x08001321   Thumb Code    12  system_stm32f4xx.o(i.SystemInit)
    UsageFault_Handler                       0x08001331   Thumb Code     2  stm32f4xx_it.o(i.UsageFault_Handler)
    __ARM_fpclassify                         0x08001333   Thumb Code    48  fpclassify.o(i.__ARM_fpclassify)
    __hardfp_cos                             0x08001389   Thumb Code   180  cos.o(i.__hardfp_cos)
    __hardfp_round                           0x08001451   Thumb Code   194  round.o(i.__hardfp_round)
    __hardfp_sin                             0x08001531   Thumb Code   180  sin.o(i.__hardfp_sin)
    __ieee754_rem_pio2                       0x080015f9   Thumb Code   938  rred.o(i.__ieee754_rem_pio2)
    __kernel_cos                             0x08001a31   Thumb Code   322  cos_i.o(i.__kernel_cos)
    __kernel_poly                            0x08001ba1   Thumb Code   248  poly.o(i.__kernel_poly)
    __kernel_sin                             0x08001c99   Thumb Code   280  sin_i.o(i.__kernel_sin)
    __mathlib_dbl_infnan                     0x08001dc9   Thumb Code    20  dunder.o(i.__mathlib_dbl_infnan)
    __mathlib_dbl_invalid                    0x08001de1   Thumb Code    24  dunder.o(i.__mathlib_dbl_invalid)
    __mathlib_dbl_underflow                  0x08001e01   Thumb Code    24  dunder.o(i.__mathlib_dbl_underflow)
    fabs                                     0x08001e21   Thumb Code    24  fabs.o(i.fabs)
    main                                     0x08001e39   Thumb Code   702  main.o(i.main)
    __aeabi_dneg                             0x08002175   Thumb Code     0  basic.o(x$fpl$basic)
    _dneg                                    0x08002175   Thumb Code     6  basic.o(x$fpl$basic)
    __aeabi_fneg                             0x0800217b   Thumb Code     0  basic.o(x$fpl$basic)
    _fneg                                    0x0800217b   Thumb Code     6  basic.o(x$fpl$basic)
    _dabs                                    0x08002181   Thumb Code     6  basic.o(x$fpl$basic)
    _fabs                                    0x08002187   Thumb Code     6  basic.o(x$fpl$basic)
    __aeabi_d2f                              0x0800218d   Thumb Code     0  d2f.o(x$fpl$d2f)
    _d2f                                     0x0800218d   Thumb Code    98  d2f.o(x$fpl$d2f)
    __aeabi_dadd                             0x080021f1   Thumb Code     0  daddsub_clz.o(x$fpl$dadd)
    _dadd                                    0x080021f1   Thumb Code   332  daddsub_clz.o(x$fpl$dadd)
    __fpl_dcmp_Inf                           0x08002341   Thumb Code    24  dcmpi.o(x$fpl$dcmpinf)
    __aeabi_ddiv                             0x08002359   Thumb Code     0  ddiv.o(x$fpl$ddiv)
    _ddiv                                    0x08002359   Thumb Code   552  ddiv.o(x$fpl$ddiv)
    __aeabi_d2iz                             0x08002609   Thumb Code     0  dfix.o(x$fpl$dfix)
    _dfix                                    0x08002609   Thumb Code    94  dfix.o(x$fpl$dfix)
    __aeabi_i2d                              0x08002667   Thumb Code     0  dflt_clz.o(x$fpl$dflt)
    _dflt                                    0x08002667   Thumb Code    46  dflt_clz.o(x$fpl$dflt)
    __aeabi_ui2d                             0x08002695   Thumb Code     0  dflt_clz.o(x$fpl$dfltu)
    _dfltu                                   0x08002695   Thumb Code    38  dflt_clz.o(x$fpl$dfltu)
    __aeabi_cdcmple                          0x080026bd   Thumb Code     0  dleqf.o(x$fpl$dleqf)
    _dcmple                                  0x080026bd   Thumb Code   120  dleqf.o(x$fpl$dleqf)
    __fpl_dcmple_InfNaN                      0x0800271f   Thumb Code     0  dleqf.o(x$fpl$dleqf)
    __aeabi_dmul                             0x08002735   Thumb Code     0  dmul.o(x$fpl$dmul)
    _dmul                                    0x08002735   Thumb Code   332  dmul.o(x$fpl$dmul)
    __fpl_dnaninf                            0x08002889   Thumb Code   156  dnaninf.o(x$fpl$dnaninf)
    __fpl_dretinf                            0x08002925   Thumb Code    12  dretinf.o(x$fpl$dretinf)
    __aeabi_cdrcmple                         0x08002931   Thumb Code     0  drleqf.o(x$fpl$drleqf)
    _drcmple                                 0x08002931   Thumb Code   108  drleqf.o(x$fpl$drleqf)
    _drnd                                    0x0800299d   Thumb Code   180  drnd.o(x$fpl$drnd)
    __aeabi_drsub                            0x08002a51   Thumb Code     0  daddsub_clz.o(x$fpl$drsb)
    _drsb                                    0x08002a51   Thumb Code    22  daddsub_clz.o(x$fpl$drsb)
    __aeabi_dsub                             0x08002a69   Thumb Code     0  daddsub_clz.o(x$fpl$dsub)
    _dsub                                    0x08002a69   Thumb Code   464  daddsub_clz.o(x$fpl$dsub)
    __aeabi_f2d                              0x08002c3d   Thumb Code     0  f2d.o(x$fpl$f2d)
    _f2d                                     0x08002c3d   Thumb Code    86  f2d.o(x$fpl$f2d)
    __fpl_fnaninf                            0x08002c93   Thumb Code   140  fnaninf.o(x$fpl$fnaninf)
    _fp_init                                 0x08002d1f   Thumb Code    10  fpinit.o(x$fpl$fpinit)
    __fplib_config_fpu_vfp                   0x08002d27   Thumb Code     0  fpinit.o(x$fpl$fpinit)
    __fplib_config_pureend_doubles           0x08002d27   Thumb Code     0  fpinit.o(x$fpl$fpinit)
    __fpl_fretinf                            0x08002d29   Thumb Code    10  fretinf.o(x$fpl$fretinf)
    Font16_Table                             0x08002d32   Data        3040  font16.o(.constdata)
    __I$use$fp                               0x08002d32   Number         0  usenofp.o(x$fpl$usenofp)
    Region$$Table$$Base                      0x08003a48   Number         0  anon$$obj.o(Region$$Table)
    Region$$Table$$Limit                     0x08003a68   Number         0  anon$$obj.o(Region$$Table)
    Font16                                   0x20000000   Data           8  font16.o(.data)
    shift                                    0x20000008   Data           1  gc9a01.o(.data)
    current_text_color                       0x20000009   Data           1  gc9a01.o(.data)
    lcdprop                                  0x2000000c   Data           8  gc9a01.o(.data)
    dma_spi_fl1                              0x20000014   Data           1  main.o(.data)
    SystemCoreClock                          0x20000018   Data           4  system_stm32f4xx.o(.data)
    Members                                  0x2000001c   Data         416  main.o(.bss)
    __libspace_start                         0x200001bc   Data          96  libspace.o(.bss)
    __temporary_stack_top$libspace           0x2000021c   Data           0  libspace.o(.bss)



==============================================================================

Memory Map of the image

  Image Entry point : 0x08000199

  Load Region LR_IROM1 (Base: 0x08000000, Size: 0x00003a84, Max: 0x00080000, ABSOLUTE)

    Execution Region ER_IROM1 (Exec base: 0x08000000, Load base: 0x08000000, Size: 0x00003a68, Max: 0x00080000, ABSOLUTE)

    Exec Addr    Load Addr    Size         Type   Attr      Idx    E Section Name        Object

    0x08000000   0x08000000   0x00000198   Data   RO            3    RESET               startup_stm32f411xe.o
    0x08000198   0x08000198   0x00000008   Code   RO         1136  * !!!main             c_w.l(__main.o)
    0x080001a0   0x080001a0   0x00000034   Code   RO         1468    !!!scatter          c_w.l(__scatter.o)
    0x080001d4   0x080001d4   0x0000001a   Code   RO         1470    !!handler_copy      c_w.l(__scatter_copy.o)
    0x080001ee   0x080001ee   0x00000002   PAD
    0x080001f0   0x080001f0   0x0000001c   Code   RO         1472    !!handler_zi        c_w.l(__scatter_zi.o)
    0x0800020c   0x0800020c   0x00000002   Code   RO         1407    .ARM.Collect$$libinit$$00000000  c_w.l(libinit.o)
    0x0800020e   0x0800020e   0x00000004   Code   RO         1235    .ARM.Collect$$libinit$$00000001  c_w.l(libinit2.o)
    0x08000212   0x08000212   0x00000000   Code   RO         1238    .ARM.Collect$$libinit$$00000004  c_w.l(libinit2.o)
    0x08000212   0x08000212   0x00000008   Code   RO         1239    .ARM.Collect$$libinit$$00000005  c_w.l(libinit2.o)
    0x0800021a   0x0800021a   0x00000000   Code   RO         1241    .ARM.Collect$$libinit$$0000000A  c_w.l(libinit2.o)
    0x0800021a   0x0800021a   0x00000000   Code   RO         1243    .ARM.Collect$$libinit$$0000000C  c_w.l(libinit2.o)
    0x0800021a   0x0800021a   0x00000000   Code   RO         1245    .ARM.Collect$$libinit$$0000000E  c_w.l(libinit2.o)
    0x0800021a   0x0800021a   0x00000000   Code   RO         1248    .ARM.Collect$$libinit$$00000011  c_w.l(libinit2.o)
    0x0800021a   0x0800021a   0x00000000   Code   RO         1250    .ARM.Collect$$libinit$$00000013  c_w.l(libinit2.o)
    0x0800021a   0x0800021a   0x00000000   Code   RO         1252    .ARM.Collect$$libinit$$00000015  c_w.l(libinit2.o)
    0x0800021a   0x0800021a   0x00000000   Code   RO         1254    .ARM.Collect$$libinit$$00000017  c_w.l(libinit2.o)
    0x0800021a   0x0800021a   0x00000000   Code   RO         1256    .ARM.Collect$$libinit$$00000019  c_w.l(libinit2.o)
    0x0800021a   0x0800021a   0x00000000   Code   RO         1258    .ARM.Collect$$libinit$$0000001B  c_w.l(libinit2.o)
    0x0800021a   0x0800021a   0x00000000   Code   RO         1260    .ARM.Collect$$libinit$$0000001D  c_w.l(libinit2.o)
    0x0800021a   0x0800021a   0x00000000   Code   RO         1262    .ARM.Collect$$libinit$$0000001F  c_w.l(libinit2.o)
    0x0800021a   0x0800021a   0x00000000   Code   RO         1264    .ARM.Collect$$libinit$$00000021  c_w.l(libinit2.o)
    0x0800021a   0x0800021a   0x00000000   Code   RO         1266    .ARM.Collect$$libinit$$00000023  c_w.l(libinit2.o)
    0x0800021a   0x0800021a   0x00000000   Code   RO         1268    .ARM.Collect$$libinit$$00000025  c_w.l(libinit2.o)
    0x0800021a   0x0800021a   0x00000000   Code   RO         1272    .ARM.Collect$$libinit$$0000002C  c_w.l(libinit2.o)
    0x0800021a   0x0800021a   0x00000000   Code   RO         1274    .ARM.Collect$$libinit$$0000002E  c_w.l(libinit2.o)
    0x0800021a   0x0800021a   0x00000000   Code   RO         1276    .ARM.Collect$$libinit$$00000030  c_w.l(libinit2.o)
    0x0800021a   0x0800021a   0x00000000   Code   RO         1278    .ARM.Collect$$libinit$$00000032  c_w.l(libinit2.o)
    0x0800021a   0x0800021a   0x00000002   Code   RO         1279    .ARM.Collect$$libinit$$00000033  c_w.l(libinit2.o)
    0x0800021c   0x0800021c   0x00000002   Code   RO         1465    .ARM.Collect$$libshutdown$$00000000  c_w.l(libshutdown.o)
    0x0800021e   0x0800021e   0x00000000   Code   RO         1421    .ARM.Collect$$libshutdown$$00000002  c_w.l(libshutdown2.o)
    0x0800021e   0x0800021e   0x00000000   Code   RO         1423    .ARM.Collect$$libshutdown$$00000004  c_w.l(libshutdown2.o)
    0x0800021e   0x0800021e   0x00000000   Code   RO         1426    .ARM.Collect$$libshutdown$$00000007  c_w.l(libshutdown2.o)
    0x0800021e   0x0800021e   0x00000000   Code   RO         1429    .ARM.Collect$$libshutdown$$0000000A  c_w.l(libshutdown2.o)
    0x0800021e   0x0800021e   0x00000000   Code   RO         1431    .ARM.Collect$$libshutdown$$0000000C  c_w.l(libshutdown2.o)
    0x0800021e   0x0800021e   0x00000000   Code   RO         1434    .ARM.Collect$$libshutdown$$0000000F  c_w.l(libshutdown2.o)
    0x0800021e   0x0800021e   0x00000002   Code   RO         1435    .ARM.Collect$$libshutdown$$00000010  c_w.l(libshutdown2.o)
    0x08000220   0x08000220   0x00000000   Code   RO         1194    .ARM.Collect$$rtentry$$00000000  c_w.l(__rtentry.o)
    0x08000220   0x08000220   0x00000000   Code   RO         1331    .ARM.Collect$$rtentry$$00000002  c_w.l(__rtentry2.o)
    0x08000220   0x08000220   0x00000006   Code   RO         1343    .ARM.Collect$$rtentry$$00000004  c_w.l(__rtentry4.o)
    0x08000226   0x08000226   0x00000000   Code   RO         1333    .ARM.Collect$$rtentry$$00000009  c_w.l(__rtentry2.o)
    0x08000226   0x08000226   0x00000004   Code   RO         1334    .ARM.Collect$$rtentry$$0000000A  c_w.l(__rtentry2.o)
    0x0800022a   0x0800022a   0x00000000   Code   RO         1336    .ARM.Collect$$rtentry$$0000000C  c_w.l(__rtentry2.o)
    0x0800022a   0x0800022a   0x00000008   Code   RO         1337    .ARM.Collect$$rtentry$$0000000D  c_w.l(__rtentry2.o)
    0x08000232   0x08000232   0x00000002   Code   RO         1410    .ARM.Collect$$rtexit$$00000000  c_w.l(rtexit.o)
    0x08000234   0x08000234   0x00000000   Code   RO         1439    .ARM.Collect$$rtexit$$00000002  c_w.l(rtexit2.o)
    0x08000234   0x08000234   0x00000004   Code   RO         1440    .ARM.Collect$$rtexit$$00000003  c_w.l(rtexit2.o)
    0x08000238   0x08000238   0x00000006   Code   RO         1441    .ARM.Collect$$rtexit$$00000004  c_w.l(rtexit2.o)
    0x0800023e   0x0800023e   0x00000002   PAD
    0x08000240   0x08000240   0x00000000   Code   RO         1352    .emb_text           c_w.l(maybetermalloc1.o)
    0x08000240   0x08000240   0x00000040   Code   RO            4    .text               startup_stm32f411xe.o
    0x08000280   0x08000280   0x0000005e   Code   RO         1037    .text               c_w.l(h1_alloc.o)
    0x080002de   0x080002de   0x0000004e   Code   RO         1039    .text               c_w.l(h1_free.o)
    0x0800032c   0x0800032c   0x00000048   Code   RO         1128    .text               c_w.l(strcpy.o)
    0x08000374   0x08000374   0x0000004e   Code   RO         1132    .text               c_w.l(rt_memclr_w.o)
    0x080003c2   0x080003c2   0x00000006   Code   RO         1134    .text               c_w.l(heapauxi.o)
    0x080003c8   0x080003c8   0x00000008   Code   RO         1198    .text               c_w.l(rt_heap_descriptor_intlibspace.o)
    0x080003d0   0x080003d0   0x00000004   Code   RO         1200    .text               c_w.l(hguard.o)
    0x080003d4   0x080003d4   0x0000008a   Code   RO         1202    .text               c_w.l(init_alloc.o)
    0x0800045e   0x0800045e   0x0000000e   Code   RO         1206    .text               c_w.l(h1_init.o)
    0x0800046c   0x0800046c   0x00000016   Code   RO         1220    .text               c_w.l(_rserrno.o)
    0x08000482   0x08000482   0x00000002   PAD
    0x08000484   0x08000484   0x00000008   Code   RO         1327    .text               c_w.l(libspace.o)
    0x0800048c   0x0800048c   0x00000008   Code   RO         1348    .text               c_w.l(rt_errno_addr_intlibspace.o)
    0x08000494   0x08000494   0x00000034   Code   RO         1354    .text               c_w.l(h1_extend.o)
    0x080004c8   0x080004c8   0x0000000e   Code   RO         1360    .text               c_w.l(defsig_rtmem_outer.o)
    0x080004d6   0x080004d6   0x00000002   Code   RO         1383    .text               c_w.l(use_no_semi.o)
    0x080004d8   0x080004d8   0x00000000   Code   RO         1385    .text               c_w.l(indicate_semi.o)
    0x080004d8   0x080004d8   0x0000004a   Code   RO         1386    .text               c_w.l(sys_stackheap_outer.o)
    0x08000522   0x08000522   0x00000012   Code   RO         1392    .text               c_w.l(exit.o)
    0x08000534   0x08000534   0x0000000a   Code   RO         1394    .text               c_w.l(defsig_exit.o)
    0x0800053e   0x0800053e   0x00000002   PAD
    0x08000540   0x08000540   0x00000050   Code   RO         1396    .text               c_w.l(defsig_rtmem_inner.o)
    0x08000590   0x08000590   0x0000000c   Code   RO         1408    .text               c_w.l(sys_exit.o)
    0x0800059c   0x0800059c   0x00000032   Code   RO         1418    .text               c_w.l(defsig_general.o)
    0x080005ce   0x080005ce   0x0000000e   Code   RO         1436    .text               c_w.l(sys_wrch.o)
    0x080005dc   0x080005dc   0x00000002   Code   RO          523    i.BusFault_Handler  stm32f4xx_it.o
    0x080005de   0x080005de   0x00000002   PAD
    0x080005e0   0x080005e0   0x00000034   Code   RO          524    i.DMA2_Stream3_IRQHandler  stm32f4xx_it.o
    0x08000614   0x08000614   0x00000002   Code   RO          525    i.DebugMon_Handler  stm32f4xx_it.o
    0x08000616   0x08000616   0x00000004   Code   RO          421    i.Error_Handler     main.o
    0x0800061a   0x0800061a   0x00000012   Code   RO           91    i.GC9A01_ClearScreen  gc9a01.o
    0x0800062c   0x0800062c   0x0000008e   Code   RO           92    i.GC9A01_ClearWindow  gc9a01.o
    0x080006ba   0x080006ba   0x00000002   PAD
    0x080006bc   0x080006bc   0x000000e4   Code   RO           95    i.GC9A01_DrawCircleArountTheCircle  gc9a01.o
    0x080007a0   0x080007a0   0x000000ce   Code   RO           99    i.GC9A01_FillCircle  gc9a01.o
    0x0800086e   0x0800086e   0x00000002   PAD
    0x08000870   0x08000870   0x00000472   Code   RO          102    i.GC9A01_Initial    gc9a01.o
    0x08000ce2   0x08000ce2   0x00000002   PAD
    0x08000ce4   0x08000ce4   0x0000000c   Code   RO          104    i.GC9A01_SetBackColor  gc9a01.o
    0x08000cf0   0x08000cf0   0x0000000c   Code   RO          105    i.GC9A01_SetFont    gc9a01.o
    0x08000cfc   0x08000cfc   0x00000050   Code   RO          106    i.GC9A01_SetPos     gc9a01.o
    0x08000d4c   0x08000d4c   0x0000000c   Code   RO          107    i.GC9A01_SetTextColor  gc9a01.o
    0x08000d58   0x08000d58   0x000000c4   Code   RO          110    i.GC9A01_Write_Bytes  gc9a01.o
    0x08000e1c   0x08000e1c   0x00000030   Code   RO          111    i.GC9A01_Write_Cmd  gc9a01.o
    0x08000e4c   0x08000e4c   0x0000002c   Code   RO          112    i.GC9A01_Write_Cmd_Data  gc9a01.o
    0x08000e78   0x08000e78   0x00000002   Code   RO          526    i.HardFault_Handler  stm32f4xx_it.o
    0x08000e7a   0x08000e7a   0x00000002   PAD
    0x08000e7c   0x08000e7c   0x00000018   Code   RO          422    i.LL_AHB1_GRP1_EnableClock  main.o
    0x08000e94   0x08000e94   0x00000018   Code   RO          423    i.LL_APB2_GRP1_EnableClock  main.o
    0x08000eac   0x08000eac   0x00000014   Code   RO          118    i.LL_DMA_DisableStream  gc9a01.o
    0x08000ec0   0x08000ec0   0x00000136   Code   RO          617    i.LL_GPIO_Init      stm32f4xx_ll_gpio.o
    0x08000ff6   0x08000ff6   0x0000001a   Code   RO          874    i.LL_Init1msTick    stm32f4xx_ll_utils.o
    0x08001010   0x08001010   0x00000064   Code   RO          718    i.LL_SPI_Init       stm32f4xx_ll_spi.o
    0x08001074   0x08001074   0x0000000c   Code   RO          879    i.LL_SetSystemCoreClock  stm32f4xx_ll_utils.o
    0x08001080   0x08001080   0x0000005c   Code   RO          424    i.MX_GPIO_Init      main.o
    0x080010dc   0x080010dc   0x00000104   Code   RO          425    i.MX_SPI1_Init      main.o
    0x080011e0   0x080011e0   0x00000002   Code   RO          527    i.MemManage_Handler  stm32f4xx_it.o
    0x080011e2   0x080011e2   0x00000002   Code   RO          528    i.NMI_Handler       stm32f4xx_it.o
    0x080011e4   0x080011e4   0x00000032   Code   RO          426    i.NVIC_EncodePriority  main.o
    0x08001216   0x08001216   0x00000002   Code   RO          529    i.PendSV_Handler    stm32f4xx_it.o
    0x08001218   0x08001218   0x0000002c   Code   RO          119    i.SPI_write         gc9a01.o
    0x08001244   0x08001244   0x00000002   Code   RO          530    i.SVC_Handler       stm32f4xx_it.o
    0x08001246   0x08001246   0x00000002   Code   RO          531    i.SysTick_Handler   stm32f4xx_it.o
    0x08001248   0x08001248   0x000000d8   Code   RO          427    i.SystemClock_Config  main.o
    0x08001320   0x08001320   0x00000010   Code   RO          997    i.SystemInit        system_stm32f4xx.o
    0x08001330   0x08001330   0x00000002   Code   RO          532    i.UsageFault_Handler  stm32f4xx_it.o
    0x08001332   0x08001332   0x00000030   Code   RO         1379    i.__ARM_fpclassify  m_wm.l(fpclassify.o)
    0x08001362   0x08001362   0x00000020   Code   RO          428    i.__NVIC_SetPriority  main.o
    0x08001382   0x08001382   0x00000006   PAD
    0x08001388   0x08001388   0x000000c8   Code   RO         1164    i.__hardfp_cos      m_wm.l(cos.o)
    0x08001450   0x08001450   0x000000e0   Code   RO         1176    i.__hardfp_round    m_wm.l(round.o)
    0x08001530   0x08001530   0x000000c8   Code   RO         1180    i.__hardfp_sin      m_wm.l(sin.o)
    0x080015f8   0x080015f8   0x00000438   Code   RO         1314    i.__ieee754_rem_pio2  m_wm.l(rred.o)
    0x08001a30   0x08001a30   0x00000170   Code   RO         1297    i.__kernel_cos      m_wm.l(cos_i.o)
    0x08001ba0   0x08001ba0   0x000000f8   Code   RO         1381    i.__kernel_poly     m_wm.l(poly.o)
    0x08001c98   0x08001c98   0x00000130   Code   RO         1319    i.__kernel_sin      m_wm.l(sin_i.o)
    0x08001dc8   0x08001dc8   0x00000014   Code   RO         1301    i.__mathlib_dbl_infnan  m_wm.l(dunder.o)
    0x08001ddc   0x08001ddc   0x00000004   PAD
    0x08001de0   0x08001de0   0x00000020   Code   RO         1303    i.__mathlib_dbl_invalid  m_wm.l(dunder.o)
    0x08001e00   0x08001e00   0x00000020   Code   RO         1306    i.__mathlib_dbl_underflow  m_wm.l(dunder.o)
    0x08001e20   0x08001e20   0x00000018   Code   RO         1375    i.fabs              m_wm.l(fabs.o)
    0x08001e38   0x08001e38   0x0000033c   Code   RO          430    i.main              main.o
    0x08002174   0x08002174   0x00000018   Code   RO         1280    x$fpl$basic         fz_wm.l(basic.o)
    0x0800218c   0x0800218c   0x00000062   Code   RO         1138    x$fpl$d2f           fz_wm.l(d2f.o)
    0x080021ee   0x080021ee   0x00000002   PAD
    0x080021f0   0x080021f0   0x00000150   Code   RO         1140    x$fpl$dadd          fz_wm.l(daddsub_clz.o)
    0x08002340   0x08002340   0x00000018   Code   RO         1369    x$fpl$dcmpinf       fz_wm.l(dcmpi.o)
    0x08002358   0x08002358   0x000002b0   Code   RO         1147    x$fpl$ddiv          fz_wm.l(ddiv.o)
    0x08002608   0x08002608   0x0000005e   Code   RO         1150    x$fpl$dfix          fz_wm.l(dfix.o)
    0x08002666   0x08002666   0x0000002e   Code   RO         1155    x$fpl$dflt          fz_wm.l(dflt_clz.o)
    0x08002694   0x08002694   0x00000026   Code   RO         1154    x$fpl$dfltu         fz_wm.l(dflt_clz.o)
    0x080026ba   0x080026ba   0x00000002   PAD
    0x080026bc   0x080026bc   0x00000078   Code   RO         1282    x$fpl$dleqf         fz_wm.l(dleqf.o)
    0x08002734   0x08002734   0x00000154   Code   RO         1160    x$fpl$dmul          fz_wm.l(dmul.o)
    0x08002888   0x08002888   0x0000009c   Code   RO         1284    x$fpl$dnaninf       fz_wm.l(dnaninf.o)
    0x08002924   0x08002924   0x0000000c   Code   RO         1286    x$fpl$dretinf       fz_wm.l(dretinf.o)
    0x08002930   0x08002930   0x0000006c   Code   RO         1288    x$fpl$drleqf        fz_wm.l(drleqf.o)
    0x0800299c   0x0800299c   0x000000b4   Code   RO         1290    x$fpl$drnd          fz_wm.l(drnd.o)
    0x08002a50   0x08002a50   0x00000016   Code   RO         1141    x$fpl$drsb          fz_wm.l(daddsub_clz.o)
    0x08002a66   0x08002a66   0x00000002   PAD
    0x08002a68   0x08002a68   0x000001d4   Code   RO         1142    x$fpl$dsub          fz_wm.l(daddsub_clz.o)
    0x08002c3c   0x08002c3c   0x00000056   Code   RO         1162    x$fpl$f2d           fz_wm.l(f2d.o)
    0x08002c92   0x08002c92   0x0000008c   Code   RO         1292    x$fpl$fnaninf       fz_wm.l(fnaninf.o)
    0x08002d1e   0x08002d1e   0x0000000a   Code   RO         1371    x$fpl$fpinit        fz_wm.l(fpinit.o)
    0x08002d28   0x08002d28   0x0000000a   Code   RO         1294    x$fpl$fretinf       fz_wm.l(fretinf.o)
    0x08002d32   0x08002d32   0x00000000   Code   RO         1296    x$fpl$usenofp       fz_wm.l(usenofp.o)
    0x08002d32   0x08002d32   0x00000be0   Data   RO           42    .constdata          font16.o
    0x08003912   0x08003912   0x00000008   Data   RO          127    .constdata          gc9a01.o
    0x0800391a   0x0800391a   0x00000008   Data   RO          432    .constdata          main.o
    0x08003922   0x08003922   0x00000006   PAD
    0x08003928   0x08003928   0x00000030   Data   RO         1298    .constdata          m_wm.l(cos_i.o)
    0x08003958   0x08003958   0x000000c8   Data   RO         1316    .constdata          m_wm.l(rred.o)
    0x08003a20   0x08003a20   0x00000028   Data   RO         1320    .constdata          m_wm.l(sin_i.o)
    0x08003a48   0x08003a48   0x00000020   Data   RO         1466    Region$$Table       anon$$obj.o


    Execution Region RW_IRAM1 (Exec base: 0x20000000, Load base: 0x08003a68, Size: 0x00001a20, Max: 0x00020000, ABSOLUTE)

    Exec Addr    Load Addr    Size         Type   Attr      Idx    E Section Name        Object

    0x20000000   0x08003a68   0x00000008   Data   RW           43    .data               font16.o
    0x20000008   0x08003a70   0x0000000c   Data   RW          128    .data               gc9a01.o
    0x20000014   0x08003a7c   0x00000001   Data   RW          433    .data               main.o
    0x20000015   0x08003a7d   0x00000003   PAD
    0x20000018   0x08003a80   0x00000004   Data   RW         1000    .data               system_stm32f4xx.o
    0x2000001c        -       0x000001a0   Zero   RW          431    .bss                main.o
    0x200001bc        -       0x00000060   Zero   RW         1328    .bss                c_w.l(libspace.o)
    0x2000021c   0x08003a84   0x00000004   PAD
    0x20000220        -       0x00000800   Zero   RW            2    HEAP                startup_stm32f411xe.o
    0x20000a20        -       0x00001000   Zero   RW            1    STACK               startup_stm32f411xe.o


==============================================================================

Image component sizes


      Code (inc. data)   RO Data    RW Data    ZI Data      Debug   Object Name

         0          0       3040          8          0       1155   font16.o
         0          0          0          0          0       4508   font8.o
      2200        108          8         12          0     356126   gc9a01.o
      1530        186          8          1        416     108069   main.o
        64         26        408          0       6144        876   startup_stm32f411xe.o
        70          8          0          0          0      20772   stm32f4xx_it.o
       310          0          0          0          0       7271   stm32f4xx_ll_gpio.o
       100          0          0          0          0      14602   stm32f4xx_ll_spi.o
        38          6          0          0          0       8857   stm32f4xx_ll_utils.o
        16          4          0          4          0       1223   system_stm32f4xx.o

    ----------------------------------------------------------------------
      4344        338       3502         28       6560     523459   Object Totals
         0          0         32          0          0          0   (incl. Generated)
        16          0          6          3          0          0   (incl. Padding)

    ----------------------------------------------------------------------

      Code (inc. data)   RO Data    RW Data    ZI Data      Debug   Library Member Name

         8          0          0          0          0         68   __main.o
         0          0          0          0          0          0   __rtentry.o
        12          0          0          0          0          0   __rtentry2.o
         6          0          0          0          0          0   __rtentry4.o
        52          8          0          0          0          0   __scatter.o
        26          0          0          0          0          0   __scatter_copy.o
        28          0          0          0          0          0   __scatter_zi.o
        22          0          0          0          0        100   _rserrno.o
        10          0          0          0          0         68   defsig_exit.o
        50          0          0          0          0         88   defsig_general.o
        80         58          0          0          0         76   defsig_rtmem_inner.o
        14          0          0          0          0         80   defsig_rtmem_outer.o
        18          0          0          0          0         80   exit.o
        94          0          0          0          0         80   h1_alloc.o
        52          0          0          0          0         68   h1_extend.o
        78          0          0          0          0         80   h1_free.o
        14          0          0          0          0         84   h1_init.o
         6          0          0          0          0        152   heapauxi.o
         4          0          0          0          0        136   hguard.o
         0          0          0          0          0          0   indicate_semi.o
       138          0          0          0          0        168   init_alloc.o
         2          0          0          0          0          0   libinit.o
        14          0          0          0          0          0   libinit2.o
         2          0          0          0          0          0   libshutdown.o
         2          0          0          0          0          0   libshutdown2.o
         8          4          0          0         96         68   libspace.o
         0          0          0          0          0          0   maybetermalloc1.o
         8          4          0          0          0         68   rt_errno_addr_intlibspace.o
         8          4          0          0          0         68   rt_heap_descriptor_intlibspace.o
        78          0          0          0          0         80   rt_memclr_w.o
         2          0          0          0          0          0   rtexit.o
        10          0          0          0          0          0   rtexit2.o
        72          0          0          0          0         80   strcpy.o
        12          4          0          0          0         68   sys_exit.o
        74          0          0          0          0         80   sys_stackheap_outer.o
        14          0          0          0          0         76   sys_wrch.o
         2          0          0          0          0         68   use_no_semi.o
        24          0          0          0          0        164   basic.o
        98          4          0          0          0        140   d2f.o
       826         16          0          0          0        492   daddsub_clz.o
        24          0          0          0          0        116   dcmpi.o
       688        140          0          0          0        256   ddiv.o
        94          4          0          0          0        140   dfix.o
        84          0          0          0          0        232   dflt_clz.o
       120          4          0          0          0        140   dleqf.o
       340         12          0          0          0        152   dmul.o
       156          4          0          0          0        140   dnaninf.o
        12          0          0          0          0        116   dretinf.o
       108          0          0          0          0        128   drleqf.o
       180          4          0          0          0        128   drnd.o
        86          4          0          0          0        132   f2d.o
       140          4          0          0          0        132   fnaninf.o
        10          0          0          0          0        116   fpinit.o
        10          0          0          0          0        116   fretinf.o
         0          0          0          0          0          0   usenofp.o
       200         20          0          0          0        164   cos.o
       368         46         48          0          0        200   cos_i.o
        84         16          0          0          0        372   dunder.o
        24          0          0          0          0        124   fabs.o
        48          0          0          0          0        124   fpclassify.o
       248          0          0          0          0        152   poly.o
       224         30          0          0          0        172   round.o
      1080        142        200          0          0        188   rred.o
       200         20          0          0          0        164   sin.o
       304         24         40          0          0        208   sin_i.o

    ----------------------------------------------------------------------
      6818        576        288          0        100       6692   Library Totals
        18          0          0          0          4          0   (incl. Padding)

    ----------------------------------------------------------------------

      Code (inc. data)   RO Data    RW Data    ZI Data      Debug   Library Name

      1020         82          0          0         96       1984   c_w.l
      3000        196          0          0          0       2840   fz_wm.l
      2780        298        288          0          0       1868   m_wm.l

    ----------------------------------------------------------------------
      6818        576        288          0        100       6692   Library Totals

    ----------------------------------------------------------------------

==============================================================================


      Code (inc. data)   RO Data    RW Data    ZI Data      Debug   

     11162        914       3790         28       6660     522811   Grand Totals
     11162        914       3790         28       6660     522811   ELF Image Totals
     11162        914       3790         28          0          0   ROM Totals

==============================================================================

    Total RO  Size (Code + RO Data)                14952 (  14.60kB)
    Total RW  Size (RW Data + ZI Data)              6688 (   6.53kB)
    Total ROM Size (Code + RO Data + RW Data)      14980 (  14.63kB)

==============================================================================

